Component: ARM Compiler 5.05 update 1 (build 106) Tool: armlink [4d0efa]

==============================================================================

Section Cross References

    main.o(.text) refers to os_time.o(.text) for OSTimeDlyHMSM
    main.o(.text) refers to gui_touch_driveranalog.o(i.GUI_TOUCH_Exec) for GUI_TOUCH_Exec
    main.o(.text) refers to gui_curs1.o(i.GUI_CURSOR_Show) for GUI_CURSOR_Show
    main.o(.text) refers to button_skin.o(i.BUTTON_SetDefaultSkin) for BUTTON_SetDefaultSkin
    main.o(.text) refers to checkbox_skin.o(i.CHECKBOX_SetDefaultSkin) for CHECKBOX_SetDefaultSkin
    main.o(.text) refers to dropdown_skin.o(i.DROPDOWN_SetDefaultSkin) for DROPDOWN_SetDefaultSkin
    main.o(.text) refers to framewin_skin.o(i.FRAMEWIN_SetDefaultSkin) for FRAMEWIN_SetDefaultSkin
    main.o(.text) refers to header_skin.o(i.HEADER_SetDefaultSkin) for HEADER_SetDefaultSkin
    main.o(.text) refers to menu_skin.o(i.MENU_SetDefaultSkin) for MENU_SetDefaultSkin
    main.o(.text) refers to multipage_skin.o(i.MULTIPAGE_SetDefaultSkin) for MULTIPAGE_SetDefaultSkin
    main.o(.text) refers to progbar_skin.o(i.PROGBAR_SetDefaultSkin) for PROGBAR_SetDefaultSkin
    main.o(.text) refers to radio_skin.o(i.RADIO_SetDefaultSkin) for RADIO_SetDefaultSkin
    main.o(.text) refers to scrollbar_skin.o(i.SCROLLBAR_SetDefaultSkin) for SCROLLBAR_SetDefaultSkin
    main.o(.text) refers to slider_skin.o(i.SLIDER_SetDefaultSkin) for SLIDER_SetDefaultSkin
    main.o(.text) refers to spinbox_skin.o(i.SPINBOX_SetDefaultSkin) for SPINBOX_SetDefaultSkin
    main.o(.text) refers to remote.o(.text) for Remote_Init
    main.o(.text) refers to gui_core.o(i.GUI_Init) for GUI_Init
    main.o(.text) refers to desktop.o(.text) for ExecDesktop
    main.o(.text) refers to gui_time.o(i.GUI_Delay) for GUI_Delay
    main.o(.text) refers to cpu_core.o(.text) for CPU_Init
    main.o(.text) refers to os_stat.o(.text) for OSStatTaskCPUUsageInit
    main.o(.text) refers to os_core.o(.text) for OSSchedRoundRobinCfg
    main.o(.text) refers to stm32f4xx_rcc.o(.text) for RCC_AHB1PeriphClockCmd
    main.o(.text) refers to wm_setcreateflags.o(i.WM_SetCreateFlags) for WM_SetCreateFlags
    main.o(.text) refers to cpu_a.o(.text) for CPU_SR_Save
    main.o(.text) refers to os_task.o(.text) for OSTaskCreate
    main.o(.text) refers to delay.o(.text) for delay_init
    main.o(.text) refers to misc.o(.text) for NVIC_PriorityGroupConfig
    main.o(.text) refers to usart.o(.text) for uart_init
    main.o(.text) refers to ili93xx.o(.text) for TFTLCD_Init
    main.o(.text) refers to spitest.o(.text) for TFTLCD_Init
    main.o(.text) refers to w25qxx.o(.text) for W25QXX_Init
    main.o(.text) refers to led.o(.text) for LED_Init
    main.o(.text) refers to sram.o(.text) for FSMC_SRAM_Init
    main.o(.text) refers to malloc.o(.text) for mem_init
    main.o(.text) refers to exfuns.o(.text) for exfuns_init
    main.o(.text) refers to ff.o(.text) for f_mount
    main.o(.text) refers to touch.o(.text) for TP_Init
    main.o(.text) refers to button_skinflex.o(i.BUTTON_DrawSkinFlex) for BUTTON_DrawSkinFlex
    main.o(.text) refers to checkbox_skinflex.o(i.CHECKBOX_DrawSkinFlex) for CHECKBOX_DrawSkinFlex
    main.o(.text) refers to dropdown_skinflex.o(i.DROPDOWN_DrawSkinFlex) for DROPDOWN_DrawSkinFlex
    main.o(.text) refers to framewin_skinflex.o(i.FRAMEWIN_DrawSkinFlex) for FRAMEWIN_DrawSkinFlex
    main.o(.text) refers to header_skinflex.o(i.HEADER_DrawSkinFlex) for HEADER_DrawSkinFlex
    main.o(.text) refers to menu_skinflex.o(i.MENU_DrawSkinFlex) for MENU_DrawSkinFlex
    main.o(.text) refers to multipage_skinflex.o(i.MULTIPAGE_DrawSkinFlex) for MULTIPAGE_DrawSkinFlex
    main.o(.text) refers to progbar_skinflex.o(i.PROGBAR_DrawSkinFlex) for PROGBAR_DrawSkinFlex
    main.o(.text) refers to radio_skinflex.o(i.RADIO_DrawSkinFlex) for RADIO_DrawSkinFlex
    main.o(.text) refers to scrollbar_skinflex.o(i.SCROLLBAR_DrawSkinFlex) for SCROLLBAR_DrawSkinFlex
    main.o(.text) refers to slider_skinflex.o(i.SLIDER_DrawSkinFlex) for SLIDER_DrawSkinFlex
    main.o(.text) refers to spinbox_skinflex.o(i.SPINBOX_DrawSkinFlex) for SPINBOX_DrawSkinFlex
    main.o(.text) refers to os_var.o(.data) for OSSchedLockNestingCtr
    main.o(.text) refers to main.o(.bss) for DESKTOP_TASK_STK
    main.o(.text) refers to exfuns.o(.bss) for fs
    system_stm32f4xx.o(.text) refers to system_stm32f4xx.o(.data) for SystemCoreClock
    led.o(.text) refers to stm32f4xx_rcc.o(.text) for RCC_AHB1PeriphClockCmd
    led.o(.text) refers to stm32f4xx_gpio.o(.text) for GPIO_Init
    ili93xx.o(.text) refers to _printf_percent.o(.ARM.Collect$$_printf_percent$$00000000) for _printf_percent
    ili93xx.o(.text) refers to _printf_x.o(.ARM.Collect$$_printf_percent$$0000000C) for _printf_x
    ili93xx.o(.text) refers to _printf_hex_int.o(.text) for _printf_longlong_hex
    ili93xx.o(.text) refers to spitest.o(.text) for LCD_WR_REG
    ili93xx.o(.text) refers to delay.o(.text) for delay_us
[...]
    listbox.o(i.LISTBOX__SetScrollbarWidth) refers to wm_getdialogitem.o(i.WM_GetDialogItem) for WM_GetDialogItem
    listbox.o(i.LISTBOX__SetScrollbarWidth) refers to scrollbar_setwidth.o(i.SCROLLBAR_SetWidth) for SCROLLBAR_SetWidth
    listbox.o(i._AddKey) refers to listbox.o(i._Tolower) for _Tolower
    listbox.o(i._AddKey) refers to listbox.o(i.LISTBOX_GetSel) for LISTBOX_GetSel
    listbox.o(i._AddKey) refers to listbox.o(i._ToggleMultiSel) for _ToggleMultiSel
    listbox.o(i._AddKey) refers to gui_alloc.o(i.GUI_ALLOC_LockH) for GUI_ALLOC_LockH
    listbox.o(i._AddKey) refers to listbox.o(i.LISTBOX_UpdateScrollers) for LISTBOX_UpdateScrollers
    listbox.o(i._AddKey) refers to listbox.o(i.LISTBOX__InvalidateInsideArea) for LISTBOX__InvalidateInsideArea
    listbox.o(i._AddKey) refers to wm_checkscrollpos.o(i.WM_SetScrollValue) for WM_SetScrollValue
    listbox.o(i._AddKey) refers to gui_alloc.o(i.GUI_ALLOC_UnlockH) for GUI_ALLOC_UnlockH
    listbox.o(i._AddKey) refers to listbox.o(i.LISTBOX_IncSel) for LISTBOX_IncSel
    listbox.o(i._AddKey) refers to listbox.o(i.LISTBOX_DecSel) for LISTBOX_DecSel
    listbox.o(i._AddKey) refers to listbox.o(i.LISTBOX__GetNumItems) for LISTBOX__GetNumItems
    listbox.o(i._AddKey) refers to listbox.o(i.LISTBOX__GetpStringLocked) for LISTBOX__GetpStringLocked
    listbox.o(i._AddKey) refers to listbox.o(i.LISTBOX_SetSel) for LISTBOX_SetSel
    listbox.o(i._CallOwnerDraw) refers to gui_alloc.o(i.GUI_ALLOC_LockH) for GUI_ALLOC_LockH
    listbox.o(i._CallOwnerDraw) refers to gui_alloc.o(i.GUI_ALLOC_UnlockH) for GUI_ALLOC_UnlockH
    listbox.o(i._GetContentsSizeX) refers to gui_alloc.o(i.GUI_ALLOC_LockH) for GUI_ALLOC_LockH
    listbox.o(i._GetContentsSizeX) refers to listbox.o(i.LISTBOX__GetNumItems) for LISTBOX__GetNumItems
    listbox.o(i._GetContentsSizeX) refers to gui_alloc.o(i.GUI_ALLOC_UnlockH) for GUI_ALLOC_UnlockH
    listbox.o(i._GetContentsSizeX) refers to gui_array.o(i.GUI_ARRAY_GetpItemLocked) for GUI_ARRAY_GetpItemLocked
    listbox.o(i._GetContentsSizeX) refers to gui_setfont.o(i.GUI_SetFont) for GUI_SetFont
    listbox.o(i._GetContentsSizeX) refers to listbox.o(i._CallOwnerDraw) for _CallOwnerDraw
    listbox.o(i._GetItemFromPos) refers to gui_alloc.o(i.GUI_ALLOC_LockH) for GUI_ALLOC_LockH
    listbox.o(i._GetItemFromPos) refers to listbox.o(i.LISTBOX__GetNumItems) for LISTBOX__GetNumItems
    listbox.o(i._GetItemFromPos) refers to gui_alloc.o(i.GUI_ALLOC_UnlockH) for GUI_ALLOC_UnlockH
    listbox.o(i._GetItemFromPos) refers to wm_getinsiderectexscrollbar.o(i.WM_GetInsideRectExScrollbar) for WM_GetInsideRectExScrollbar
    listbox.o(i._GetItemFromPos) refers to listbox.o(i._GetItemSizeY) for _GetItemSizeY
    listbox.o(i._GetItemPosY) refers to gui_alloc.o(i.GUI_ALLOC_LockH) for GUI_ALLOC_LockH
    listbox.o(i._GetItemPosY) refers to listbox.o(i.LISTBOX__GetNumItems) for LISTBOX__GetNumItems
    listbox.o(i._GetItemPosY) refers to gui_alloc.o(i.GUI_ALLOC_UnlockH) for GUI_ALLOC_UnlockH
    listbox.o(i._GetItemPosY) refers to gui_array.o(i.GUI_ARRAY_GetpItemLocked) for GUI_ARRAY_GetpItemLocked
    listbox.o(i._GetItemPosY) refers to listbox.o(i._GetItemSizeY) for _GetItemSizeY
    listbox.o(i._GetItemSizeY) refers to gui_alloc.o(i.GUI_ALLOC_LockH) for GUI_ALLOC_LockH
    listbox.o(i._GetItemSizeY) refers to gui_alloc.o(i.GUI_ALLOC_UnlockH) for GUI_ALLOC_UnlockH
    listbox.o(i._GetItemSizeY) refers to gui_array.o(i.GUI_ARRAY_GetpItemLocked) for GUI_ARRAY_GetpItemLocked
    listbox.o(i._GetItemSizeY) refers to gui_setfont.o(i.GUI_SetFont) for GUI_SetFont
    listbox.o(i._GetItemSizeY) refers to listbox.o(i._CallOwnerDraw) for _CallOwnerDraw
    listbox.o(i._GetNumVisItems) refers to gui_alloc.o(i.GUI_ALLOC_LockH) for GUI_ALLOC_LockH
    listbox.o(i._GetNumVisItems) refers to listbox.o(i.LISTBOX__GetNumItems) for LISTBOX__GetNumItems
    listbox.o(i._GetNumVisItems) refers to gui_alloc.o(i.GUI_ALLOC_UnlockH) for GUI_ALLOC_UnlockH
    listbox.o(i._GetNumVisItems) refers to listbox.o(i._GetYSize) for _GetYSize
    listbox.o(i._GetNumVisItems) refers to listbox.o(i._GetItemSizeY) for _GetItemSizeY
    listbox.o(i._GetYSize) refers to wm_getinsiderectexscrollbar.o(i.WM_GetInsideRectExScrollbar) for WM_GetInsideRectExScrollbar
    listbox.o(i._ManageAutoScroll) refers to gui_alloc.o(i.GUI_ALLOC_LockH) for GUI_ALLOC_LockH
    listbox.o(i._ManageAutoScroll) refers to listbox.o(i._GetNumVisItems) for _GetNumVisItems
    listbox.o(i._ManageAutoScroll) refers to listbox.o(i.LISTBOX__GetNumItems) for LISTBOX__GetNumItems
    listbox.o(i._ManageAutoScroll) refers to gui_alloc.o(i.GUI_ALLOC_UnlockH) for GUI_ALLOC_UnlockH
    listbox.o(i._ManageAutoScroll) refers to wm_setscrollbar.o(i.WM_SetScrollbarV) for WM_SetScrollbarV
    listbox.o(i._ManageAutoScroll) refers to listbox.o(i._GetContentsSizeX) for _GetContentsSizeX
    listbox.o(i._ManageAutoScroll) refers to wm_getinsiderectexscrollbar.o(i.WM_GetInsideRectExScrollbar) for WM_GetInsideRectExScrollbar
    listbox.o(i._ManageAutoScroll) refers to wm_setscrollbar.o(i.WM_SetScrollbarH) for WM_SetScrollbarH
    listbox.o(i._ManageAutoScroll) refers to listbox.o(i.LISTBOX__SetScrollbarWidth) for LISTBOX__SetScrollbarWidth
    listbox.o(i._ManageAutoScroll) refers to listbox.o(i.LISTBOX__SetScrollbarColor) for LISTBOX__SetScrollbarColor
    listbox.o(i._MoveSel) refers to listbox.o(i.LISTBOX_GetSel) for LISTBOX_GetSel
    listbox.o(i._MoveSel) refers to gui_alloc.o(i.GUI_ALLOC_LockH) for GUI_ALLOC_LockH
    listbox.o(i._MoveSel) refers to listbox.o(i.LISTBOX__GetNumItems) for LISTBOX__GetNumItems
    listbox.o(i._MoveSel) refers to gui_alloc.o(i.GUI_ALLOC_UnlockH) for GUI_ALLOC_UnlockH
    listbox.o(i._MoveSel) refers to gui_array.o(i.GUI_ARRAY_GethItem) for GUI_ARRAY_GethItem
    listbox.o(i._MoveSel) refers to listbox.o(i.LISTBOX_SetSel) for LISTBOX_SetSel
    listbox.o(i._MoveSel) refers to wm_checkscrollpos.o(i.WM_CheckScrollBounds) for WM_CheckScrollBounds
    listbox.o(i._MoveSel) refers to listbox.o(i.LISTBOX__InvalidateInsideArea) for LISTBOX__InvalidateInsideArea
    listbox.o(i._MoveSel) refers to listbox.o(i.LISTBOX_UpdateScrollers) for LISTBOX_UpdateScrollers
    listbox.o(i._NotifyOwner) refers to gui_alloc.o(i.GUI_ALLOC_LockH) for GUI_ALLOC_LockH
    listbox.o(i._NotifyOwner) refers to wm_getparent.o(i.WM_GetParent) for WM_GetParent
    listbox.o(i._NotifyOwner) refers to gui_alloc.o(i.GUI_ALLOC_UnlockH) for GUI_ALLOC_UnlockH
    listbox.o(i._NotifyOwner) refers to wm__sendmessage.o(i.WM__SendMessage) for WM__SendMessage
    listbox.o(i._OnPaint) refers to gui_alloc.o(i.GUI_ALLOC_LockH) for GUI_ALLOC_LockH
    listbox.o(i._OnPaint) refers to listbox.o(i.LISTBOX__GetNumItems) for LISTBOX__GetNumItems
    listbox.o(i._OnPaint) refers to gui_setfont.o(i.GUI_SetFont) for GUI_SetFont
    listbox.o(i._OnPaint) refers to gui_moverect.o(i.GUI_MoveRect) for GUI_MoveRect
    listbox.o(i._OnPaint) refers to wm_getinsiderectexscrollbar.o(i.WM_GetInsideRectExScrollbar) for WM_GetInsideRectExScrollbar
    listbox.o(i._OnPaint) refers to gui__intersectrect.o(i.GUI__IntersectRect) for GUI__IntersectRect
    listbox.o(i._OnPaint) refers to gui_alloc.o(i.GUI_ALLOC_UnlockH) for GUI_ALLOC_UnlockH
    listbox.o(i._OnPaint) refers to listbox.o(i._GetItemSizeY) for _GetItemSizeY
    listbox.o(i._OnPaint) refers to wm_setusercliprect.o(i.WM_SetUserClipRect) for WM_SetUserClipRect
    listbox.o(i._OnPaint) refers to wm_settrans.o(i.WM_GetHasTrans) for WM_GetHasTrans
    listbox.o(i._OnPaint) refers to lcd.o(i.LCD_SetBkColor) for LCD_SetBkColor
    listbox.o(i._OnPaint) refers to gui_clearrectex.o(i.GUI_ClearRectEx) for GUI_ClearRectEx
    listbox.o(i._OnPaint) refers to widget.o(i.WIDGET__EFFECT_DrawDown) for WIDGET__EFFECT_DrawDown
    listbox.o(i._ToggleMultiSel) refers to gui_alloc.o(i.GUI_ALLOC_LockH) for GUI_ALLOC_LockH
    listbox.o(i._ToggleMultiSel) refers to gui_alloc.o(i.GUI_ALLOC_UnlockH) for GUI_ALLOC_UnlockH
    listbox.o(i._ToggleMultiSel) refers to gui_array.o(i.GUI_ARRAY_GethItem) for GUI_ARRAY_GethItem
    listbox.o(i._ToggleMultiSel) refers to listbox.o(i._NotifyOwner) for _NotifyOwner
    listbox.o(i._ToggleMultiSel) refers to listbox.o(i.LISTBOX__InvalidateItem) for LISTBOX__InvalidateItem
    listbox.o(i._UpdateScrollPos) refers to gui_alloc.o(i.GUI_ALLOC_LockH) for GUI_ALLOC_LockH
    listbox.o(i._UpdateScrollPos) refers to listbox.o(i.LISTBOX__GetNumItems) for LISTBOX__GetNumItems
    listbox.o(i._UpdateScrollPos) refers to gui_alloc.o(i.GUI_ALLOC_UnlockH) for GUI_ALLOC_UnlockH
    listbox.o(i._UpdateScrollPos) refers to listbox.o(i._GetItemPosY) for _GetItemPosY
    listbox.o(i._UpdateScrollPos) refers to listbox.o(i._GetItemSizeY) for _GetItemSizeY
    listbox.o(i._UpdateScrollPos) refers to listbox.o(i._GetYSize) for _GetYSize
    listbox.o(i._UpdateScrollPos) refers to wm_checkscrollpos.o(i.WM_CheckScrollBounds) for WM_CheckScrollBounds
    listbox.o(i._UpdateScrollPos) refers to widget.o(i.WIDGET__SetScrollState) for WIDGET__SetScrollState
    listbox.o(.data) refers to f13_1.o(.constdata) for GUI_Font13_1
    listbox_addstringh.o(i.LISTBOX_AddStringH) refers to gui_task.o(i.GUI_Lock) for GUI_Lock
    listbox_addstringh.o(i.LISTBOX_AddStringH) refers to gui_alloc.o(i.GUI_ALLOC_LockH) for GUI_ALLOC_LockH
    listbox_addstringh.o(i.LISTBOX_AddStringH) refers to strlen.o(.text) for strlen
    listbox_addstringh.o(i.LISTBOX_AddStringH) refers to gui_alloc.o(i.GUI_ALLOC_UnlockH) for GUI_ALLOC_UnlockH
    listbox_addstringh.o(i.LISTBOX_AddStringH) refers to gui_array.o(i.GUI_ARRAY_AddItem) for GUI_ARRAY_AddItem
    listbox_addstringh.o(i.LISTBOX_AddStringH) refers to gui_array.o(i.GUI_ARRAY_GetNumItems) for GUI_ARRAY_GetNumItems
    listbox_addstringh.o(i.LISTBOX_AddStringH) refers to gui_array.o(i.GUI_ARRAY_GetpItemLocked) for GUI_ARRAY_GetpItemLocked
    listbox_addstringh.o(i.LISTBOX_AddStringH) refers to strcpy.o(.text) for strcpy
    listbox_addstringh.o(i.LISTBOX_AddStringH) refers to listbox.o(i.LISTBOX__InvalidateItemSize) for LISTBOX__InvalidateItemSize
    listbox_addstringh.o(i.LISTBOX_AddStringH) refers to listbox.o(i.LISTBOX__AddSize) for LISTBOX__AddSize
    listbox_addstringh.o(i.LISTBOX_AddStringH) refers to listbox.o(i.LISTBOX_UpdateScrollers) for LISTBOX_UpdateScrollers
    listbox_addstringh.o(i.LISTBOX_AddStringH) refers to listbox.o(i.LISTBOX__InvalidateItem) for LISTBOX__InvalidateItem
    listbox_addstringh.o(i.LISTBOX_AddStringH) refers to gui_task.o(i.GUI_Unlock) for GUI_Unlock
    listbox_create.o(i.LISTBOX_Create) refers to listbox.o(i.LISTBOX_CreateEx) for LISTBOX_CreateEx
    listbox_create.o(i.LISTBOX_CreateAsChild) refers to listbox.o(i.LISTBOX_CreateEx) for LISTBOX_CreateEx
    listbox_font.o(i.LISTBOX_GetFont) refers to gui_task.o(i.GUI_Lock) for GUI_Lock
    listbox_font.o(i.LISTBOX_GetFont) refers to gui_alloc.o(i.GUI_ALLOC_LockH) for GUI_ALLOC_LockH
    listbox_font.o(i.LISTBOX_GetFont) refers to gui_alloc.o(i.GUI_ALLOC_UnlockH) for GUI_ALLOC_UnlockH
    listbox_font.o(i.LISTBOX_GetFont) refers to gui_task.o(i.GUI_Unlock) for GUI_Unlock
    listbox_font.o(i.LISTBOX_SetFont) refers to gui_task.o(i.GUI_Lock) for GUI_Lock
    listbox_font.o(i.LISTBOX_SetFont) refers to gui_alloc.o(i.GUI_ALLOC_LockH) for GUI_ALLOC_LockH
    listbox_font.o(i.LISTBOX_SetFont) refers to gui_alloc.o(i.GUI_ALLOC_UnlockH) for GUI_ALLOC_UnlockH
    listbox_font.o(i.LISTBOX_SetFont) refers to listbox.o(i.LISTBOX_InvalidateItem) for LISTBOX_InvalidateItem
    listbox_font.o(i.LISTBOX_SetFont) refers to gui_task.o(i.GUI_Unlock) for GUI_Unlock
    listbox_itemdisabled.o(i.LISTBOX_GetItemDisabled) refers to gui_task.o(i.GUI_Lock) for GUI_Lock
    listbox_itemdisabled.o(i.LISTBOX_GetItemDisabled) refers to gui_alloc.o(i.GUI_ALLOC_LockH) for GUI_ALLOC_LockH
    listbox_itemdisabled.o(i.LISTBOX_GetItemDisabled) refers to listbox.o(i.LISTBOX__GetNumItems) for LISTBOX__GetNumItems
    listbox_itemdisabled.o(i.LISTBOX_GetItemDisabled) refers to gui_array.o(i.GUI_ARRAY_GethItem) for GUI_ARRAY_GethItem
    listbox_itemdisabled.o(i.LISTBOX_GetItemDisabled) refers to gui_alloc.o(i.GUI_ALLOC_UnlockH) for GUI_ALLOC_UnlockH
    listbox_itemdisabled.o(i.LISTBOX_GetItemDisabled) refers to gui_task.o(i.GUI_Unlock) for GUI_Unlock
    listbox_itemdisabled.o(i.LISTBOX_SetItemDisabled) refers to gui_task.o(i.GUI_Lock) for GUI_Lock
    listbox_itemdisabled.o(i.LISTBOX_SetItemDisabled) refers to gui_alloc.o(i.GUI_ALLOC_LockH) for GUI_ALLOC_LockH
    listbox_itemdisabled.o(i.LISTBOX_SetItemDisabled) refers to listbox.o(i.LISTBOX__GetNumItems) for LISTBOX__GetNumItems
    listbox_itemdisabled.o(i.LISTBOX_SetItemDisabled) refers to gui_array.o(i.GUI_ARRAY_GethItem) for GUI_ARRAY_GethItem
    listbox_itemdisabled.o(i.LISTBOX_SetItemDisabled) refers to listbox.o(i.LISTBOX__InvalidateItem) for LISTBOX__InvalidateItem
    listbox_itemdisabled.o(i.LISTBOX_SetItemDisabled) refers to gui_alloc.o(i.GUI_ALLOC_UnlockH) for GUI_ALLOC_UnlockH
    listbox_itemdisabled.o(i.LISTBOX_SetItemDisabled) refers to gui_task.o(i.GUI_Unlock) for GUI_Unlock
    listbox_itemspacing.o(i.LISTBOX_GetItemSpacing) refers to gui_task.o(i.GUI_Lock) for GUI_Lock
    listbox_itemspacing.o(i.LISTBOX_GetItemSpacing) refers to gui_alloc.o(i.GUI_ALLOC_LockH) for GUI_ALLOC_LockH
    listbox_itemspacing.o(i.LISTBOX_GetItemSpacing) refers to gui_alloc.o(i.GUI_ALLOC_UnlockH) for GUI_ALLOC_UnlockH
    listbox_itemspacing.o(i.LISTBOX_GetItemSpacing) refers to gui_task.o(i.GUI_Unlock) for GUI_Unlock
    listbox_itemspacing.o(i.LISTBOX_SetItemSpacing) refers to gui_task.o(i.GUI_Lock) for GUI_Lock
    listbox_itemspacing.o(i.LISTBOX_SetItemSpacing) refers to gui_alloc.o(i.GUI_ALLOC_LockH) for GUI_ALLOC_LockH
    listbox_itemspacing.o(i.LISTBOX_SetItemSpacing) refers to gui_alloc.o(i.GUI_ALLOC_UnlockH) for GUI_ALLOC_UnlockH
    listbox_itemspacing.o(i.LISTBOX_SetItemSpacing) refers to listbox.o(i.LISTBOX_InvalidateItem) for LISTBOX_InvalidateItem
    listbox_itemspacing.o(i.LISTBOX_SetItemSpacing) refers to gui_task.o(i.GUI_Unlock) for GUI_Unlock
    listbox_setautoscroll.o(i.LISTBOX_SetAutoScrollH) refers to gui_task.o(i.GUI_Lock) for GUI_Lock
    listbox_setautoscroll.o(i.LISTBOX_SetAutoScrollH) refers to gui_alloc.o(i.GUI_ALLOC_LockH) for GUI_ALLOC_LockH
    listbox_setautoscroll.o(i.LISTBOX_SetAutoScrollH) refers to gui_alloc.o(i.GUI_ALLOC_UnlockH) for GUI_ALLOC_UnlockH
    listbox_setautoscroll.o(i.LISTBOX_SetAutoScrollH) refers to wm_setscrollbar.o(i.WM_SetScrollbarH) for WM_SetScrollbarH
    listbox_setautoscroll.o(i.LISTBOX_SetAutoScrollH) refers to listbox.o(i.LISTBOX_UpdateScrollers) for LISTBOX_UpdateScrollers
    listbox_setautoscroll.o(i.LISTBOX_SetAutoScrollH) refers to gui_task.o(i.GUI_Unlock) for GUI_Unlock
    listbox_setautoscroll.o(i.LISTBOX_SetAutoScrollV) refers to gui_task.o(i.GUI_Lock) for GUI_Lock
    listbox_setautoscroll.o(i.LISTBOX_SetAutoScrollV) refers to gui_alloc.o(i.GUI_ALLOC_LockH) for GUI_ALLOC_LockH
    listbox_setautoscroll.o(i.LISTBOX_SetAutoScrollV) refers to gui_alloc.o(i.GUI_ALLOC_UnlockH) for GUI_ALLOC_UnlockH
    listbox_setautoscroll.o(i.LISTBOX_SetAutoScrollV) refers to wm_setscrollbar.o(i.WM_SetScrollbarV) for WM_SetScrollbarV
    listbox_setautoscroll.o(i.LISTBOX_SetAutoScrollV) refers to listbox.o(i.LISTBOX_UpdateScrollers) for LISTBOX_UpdateScrollers
    listbox_setautoscroll.o(i.LISTBOX_SetAutoScrollV) refers to gui_task.o(i.GUI_Unlock) for GUI_Unlock
    listbox_setbkcolor.o(i.LISTBOX_SetBkColor) refers to gui_task.o(i.GUI_Lock) for GUI_Lock
    listbox_setbkcolor.o(i.LISTBOX_SetBkColor) refers to gui_alloc.o(i.GUI_ALLOC_LockH) for GUI_ALLOC_LockH
    listbox_setbkcolor.o(i.LISTBOX_SetBkColor) refers to gui_alloc.o(i.GUI_ALLOC_UnlockH) for GUI_ALLOC_UnlockH
    listbox_setbkcolor.o(i.LISTBOX_SetBkColor) refers to listbox.o(i.LISTBOX__InvalidateInsideArea) for LISTBOX__InvalidateInsideArea
    listbox_setbkcolor.o(i.LISTBOX_SetBkColor) refers to gui_task.o(i.GUI_Unlock) for GUI_Unlock
    listbox_setowner.o(i.LISTBOX_SetOwner) refers to gui_task.o(i.GUI_Lock) for GUI_Lock
    listbox_setowner.o(i.LISTBOX_SetOwner) refers to gui_alloc.o(i.GUI_ALLOC_LockH) for GUI_ALLOC_LockH
    listbox_setowner.o(i.LISTBOX_SetOwner) refers to gui_alloc.o(i.GUI_ALLOC_UnlockH) for GUI_ALLOC_UnlockH
    listbox_setowner.o(i.LISTBOX_SetOwner) refers to listbox.o(i.LISTBOX__InvalidateInsideArea) for LISTBOX__InvalidateInsideArea
    listbox_setowner.o(i.LISTBOX_SetOwner) refers to gui_task.o(i.GUI_Unlock) for GUI_Unlock
    listbox_setscrollbarcolor.o(i.LISTBOX_SetScrollbarColor) refers to gui_task.o(i.GUI_Lock) for GUI_Lock
    listbox_setscrollbarcolor.o(i.LISTBOX_SetScrollbarColor) refers to gui_alloc.o(i.GUI_ALLOC_LockH) for GUI_ALLOC_LockH
    listbox_setscrollbarcolor.o(i.LISTBOX_SetScrollbarColor) refers to listbox.o(i.LISTBOX__SetScrollbarColor) for LISTBOX__SetScrollbarColor
    listbox_setscrollbarcolor.o(i.LISTBOX_SetScrollbarColor) refers to wm.o(i.WM_InvalidateWindow) for WM_InvalidateWindow
    listbox_setscrollbarcolor.o(i.LISTBOX_SetScrollbarColor) refers to gui_alloc.o(i.GUI_ALLOC_UnlockH) for GUI_ALLOC_UnlockH
    listbox_setscrollbarcolor.o(i.LISTBOX_SetScrollbarColor) refers to gui_task.o(i.GUI_Unlock) for GUI_Unlock
    listbox_setscrollbarwidth.o(i.LISTBOX_SetScrollbarWidth) refers to gui_task.o(i.GUI_Lock) for GUI_Lock
    listbox_setscrollbarwidth.o(i.LISTBOX_SetScrollbarWidth) refers to gui_alloc.o(i.GUI_ALLOC_LockH) for GUI_ALLOC_LockH
    listbox_setscrollbarwidth.o(i.LISTBOX_SetScrollbarWidth) refers to listbox.o(i.LISTBOX__SetScrollbarWidth) for LISTBOX__SetScrollbarWidth
    listbox_setscrollbarwidth.o(i.LISTBOX_SetScrollbarWidth) refers to wm.o(i.WM_InvalidateWindow) for WM_InvalidateWindow
    listbox_setscrollbarwidth.o(i.LISTBOX_SetScrollbarWidth) refers to gui_alloc.o(i.GUI_ALLOC_UnlockH) for GUI_ALLOC_UnlockH
    listbox_setscrollbarwidth.o(i.LISTBOX_SetScrollbarWidth) refers to gui_task.o(i.GUI_Unlock) for GUI_Unlock
    listbox_settextalign.o(i.LISTBOX_SetTextAlign) refers to gui_task.o(i.GUI_Lock) for GUI_Lock
    listbox_settextalign.o(i.LISTBOX_SetTextAlign) refers to gui_alloc.o(i.GUI_ALLOC_LockH) for GUI_ALLOC_LockH
    listbox_settextalign.o(i.LISTBOX_SetTextAlign) refers to gui_alloc.o(i.GUI_ALLOC_UnlockH) for GUI_ALLOC_UnlockH
    listbox_settextalign.o(i.LISTBOX_SetTextAlign) refers to wm.o(i.WM_InvalidateWindow) for WM_InvalidateWindow
    listbox_settextalign.o(i.LISTBOX_SetTextAlign) refers to gui_task.o(i.GUI_Unlock) for GUI_Unlock
    listbox_settextcolor.o(i.LISTBOX_SetTextColor) refers to gui_task.o(i.GUI_Lock) for GUI_Lock
    listbox_settextcolor.o(i.LISTBOX_SetTextColor) refers to gui_alloc.o(i.GUI_ALLOC_LockH) for GUI_ALLOC_LockH
    listbox_settextcolor.o(i.LISTBOX_SetTextColor) refers to gui_alloc.o(i.GUI_ALLOC_UnlockH) for GUI_ALLOC_UnlockH
    listbox_settextcolor.o(i.LISTBOX_SetTextColor) refers to listbox.o(i.LISTBOX__InvalidateInsideArea) for LISTBOX__InvalidateInsideArea
    listbox_settextcolor.o(i.LISTBOX_SetTextColor) refers to gui_task.o(i.GUI_Unlock) for GUI_Unlock
    menu_skinclassic.o(i.MENU_SetDefaultSkinClassic) refers to menu_skinclassic.o(.constdata) for .constdata
    menu_skinclassic.o(i.MENU_SetDefaultSkinClassic) refers to menu.o(.data) for MENU__pSkinDefault
    menu_skinclassic.o(i.MENU_SetSkinClassic) refers to gui_task.o(i.GUI_Lock) for GUI_Lock
    menu_skinclassic.o(i.MENU_SetSkinClassic) refers to gui_alloc.o(i.GUI_ALLOC_LockH) for GUI_ALLOC_LockH
    menu_skinclassic.o(i.MENU_SetSkinClassic) refers to gui_alloc.o(i.GUI_ALLOC_UnlockH) for GUI_ALLOC_UnlockH
    menu_skinclassic.o(i.MENU_SetSkinClassic) refers to wm.o(i.WM_InvalidateWindow) for WM_InvalidateWindow
    menu_skinclassic.o(i.MENU_SetSkinClassic) refers to gui_task.o(i.GUI_Unlock) for GUI_Unlock
    menu_skinclassic.o(i.MENU_SetSkinClassic) refers to menu_skinclassic.o(.constdata) for .constdata
    menu_skinclassic.o(i._Paint) refers to gui_alloc.o(i.GUI_ALLOC_LockH) for GUI_ALLOC_LockH
    menu_skinclassic.o(i._Paint) refers to gui_getysizeoffont.o(i.GUI_GetYDistOfFont) for GUI_GetYDistOfFont
    menu_skinclassic.o(i._Paint) refers to menu.o(i.MENU__GetEffectSize) for MENU__GetEffectSize
    menu_skinclassic.o(i._Paint) refers to menu.o(i.MENU__GetNumItems) for MENU__GetNumItems
    menu_skinclassic.o(i._Paint) refers to wm.o(i.WM__GetClientRectWin) for WM__GetClientRectWin
    menu_skinclassic.o(i._Paint) refers to gui__reducerect.o(i.GUI__ReduceRect) for GUI__ReduceRect
    menu_skinclassic.o(i._Paint) refers to gui_setfont.o(i.GUI_SetFont) for GUI_SetFont
    menu_skinclassic.o(i._Paint) refers to menu.o(i.MENU__CalcMenuSizeX) for MENU__CalcMenuSizeX
    menu_skinclassic.o(i._Paint) refers to gui_array.o(i.GUI_ARRAY_GetpItemLocked) for GUI_ARRAY_GetpItemLocked
    menu_skinclassic.o(i._Paint) refers to menu.o(i.MENU__GetItemHeight) for MENU__GetItemHeight
    menu_skinclassic.o(i._Paint) refers to menu_skinclassic.o(i._SetPaintColors) for _SetPaintColors
    menu_skinclassic.o(i._Paint) refers to gui_clearrectex.o(i.GUI_ClearRectEx) for GUI_ClearRectEx
    menu_skinclassic.o(i._Paint) refers to gui_setcolor.o(i.GUI_SetColor) for GUI_SetColor
    menu_skinclassic.o(i._Paint) refers to gui_drawhline.o(i.GUI_DrawHLine) for GUI_DrawHLine
    menu_skinclassic.o(i._Paint) refers to widget_fillstringinrect.o(i.WIDGET__FillStringInRect) for WIDGET__FillStringInRect
    menu_skinclassic.o(i._Paint) refers to gui_alloc.o(i.GUI_ALLOC_UnlockH) for GUI_ALLOC_UnlockH
    menu_skinclassic.o(i._Paint) refers to menu.o(i.MENU__CalcMenuSizeY) for MENU__CalcMenuSizeY
    menu_skinclassic.o(i._Paint) refers to menu.o(i.MENU__GetItemWidth) for MENU__GetItemWidth
    menu_skinclassic.o(i._Paint) refers to gui_drawvline.o(i.GUI_DrawVLine) for GUI_DrawVLine
    menu_skinclassic.o(i._Paint) refers to gui_setcolor.o(i.GUI_SetBkColor) for GUI_SetBkColor
    menu_skinclassic.o(i._Paint) refers to gui_core.o(i.GUI_ClearRect) for GUI_ClearRect
    menu_skinclassic.o(i._Paint) refers to menu.o(i.MENU__HasEffect) for MENU__HasEffect
    menu_skinclassic.o(i._SetPaintColors) refers to gui_setcolor.o(i.GUI_SetBkColor) for GUI_SetBkColor
    menu_skinclassic.o(i._SetPaintColors) refers to gui_setcolor.o(i.GUI_SetColor) for GUI_SetColor
    menu_skinclassic.o(.constdata) refers to menu_skinclassic.o(i._Paint) for _Paint
    menu_skinclassic.o(.constdata) refers to menu_skinclassic.o(i._Create) for _Create
    multipage_skinclassic.o(i.MULTIPAGE_SetDefaultSkinClassic) refers to multipage_skinclassic.o(.constdata) for .constdata
    multipage_skinclassic.o(i.MULTIPAGE_SetDefaultSkinClassic) refers to multipage.o(.data) for MULTIPAGE__pSkinDefault
    multipage_skinclassic.o(i.MULTIPAGE_SetSkinClassic) refers to gui_task.o(i.GUI_Lock) for GUI_Lock
    multipage_skinclassic.o(i.MULTIPAGE_SetSkinClassic) refers to gui_alloc.o(i.GUI_ALLOC_LockH) for GUI_ALLOC_LockH
    multipage_skinclassic.o(i.MULTIPAGE_SetSkinClassic) refers to gui_alloc.o(i.GUI_ALLOC_UnlockH) for GUI_ALLOC_UnlockH
    multipage_skinclassic.o(i.MULTIPAGE_SetSkinClassic) refers to wm.o(i.WM_InvalidateWindow) for WM_InvalidateWindow
    multipage_skinclassic.o(i.MULTIPAGE_SetSkinClassic) refers to gui_task.o(i.GUI_Unlock) for GUI_Unlock
    multipage_skinclassic.o(i.MULTIPAGE_SetSkinClassic) refers to multipage_skinclassic.o(.constdata) for .constdata
    multipage_skinclassic.o(i.MULTIPAGE__DrawTextItemH) refers to gui_array.o(i.GUI_ARRAY_GetNumItems) for GUI_ARRAY_GetNumItems
    multipage_skinclassic.o(i.MULTIPAGE__DrawTextItemH) refers to gui__reducerect.o(i.GUI__ReduceRect) for GUI__ReduceRect
    multipage_skinclassic.o(i.MULTIPAGE__DrawTextItemH) refers to lcd.o(i.LCD_SetColor) for LCD_SetColor
    multipage_skinclassic.o(i.MULTIPAGE__DrawTextItemH) refers to gui_drawvline.o(i.GUI_DrawVLine) for GUI_DrawVLine
    multipage_skinclassic.o(i.MULTIPAGE__DrawTextItemH) refers to gui_settextmode.o(i.GUI_SetTextMode) for GUI_SetTextMode
    multipage_skinclassic.o(i.MULTIPAGE__DrawTextItemH) refers to widget.o(i.WIDGET__FillRectEx) for WIDGET__FillRectEx
    multipage_skinclassic.o(i.MULTIPAGE__DrawTextItemH) refers to lcd.o(i.LCD_SetBkColor) for LCD_SetBkColor
    multipage_skinclassic.o(i.MULTIPAGE__DrawTextItemH) refers to gui_dispstringinrect.o(i.GUI_DispStringInRect) for GUI_DispStringInRect
    multipage_skinclassic.o(i.MULTIPAGE__DrawTextItemH) refers to multipage.o(.data) for MULTIPAGE__aEffectColor
    multipage_skinclassic.o(i._Create) refers to gui_alloc.o(i.GUI_ALLOC_LockH) for GUI_ALLOC_LockH
    multipage_skinclassic.o(i._Create) refers to gui_alloc.o(i.GUI_ALLOC_UnlockH) for GUI_ALLOC_UnlockH
    multipage_skinclassic.o(i._Create) refers to multipage_skinclassic.o(i._GetTouchedPage) for _GetTouchedPage
    multipage_skinclassic.o(i._GetTouchedPage) refers to gui_alloc.o(i.GUI_ALLOC_LockH) for GUI_ALLOC_LockH
    multipage_skinclassic.o(i._GetTouchedPage) refers to gui_array.o(i.GUI_ARRAY_GetNumItems) for GUI_ARRAY_GetNumItems
    multipage_skinclassic.o(i._GetTouchedPage) refers to gui_alloc.o(i.GUI_ALLOC_UnlockH) for GUI_ALLOC_UnlockH
    multipage_skinclassic.o(i._GetTouchedPage) refers to multipage.o(i.MULTIPAGE__GetItemRect) for MULTIPAGE__GetItemRect
    multipage_skinclassic.o(i._GetTouchedPage) refers to multipage.o(i.MULTIPAGE__GetPageWidth) for MULTIPAGE__GetPageWidth
    multipage_skinclassic.o(i._Paint) refers to gui_alloc.o(i.GUI_ALLOC_LockH) for GUI_ALLOC_LockH
    multipage_skinclassic.o(i._Paint) refers to multipage.o(i.MULTIPAGE__GetItemRect) for MULTIPAGE__GetItemRect
    multipage_skinclassic.o(i._Paint) refers to multipage.o(i.MULTIPAGE__CalcBorderRect) for MULTIPAGE__CalcBorderRect
    multipage_skinclassic.o(i._Paint) refers to gui_array.o(i.GUI_ARRAY_GetNumItems) for GUI_ARRAY_GetNumItems
    multipage_skinclassic.o(i._Paint) refers to multipage.o(i.MULTIPAGE__GetPagePos) for MULTIPAGE__GetPagePos
    multipage_skinclassic.o(i._Paint) refers to wm_setusercliprect.o(i.WM_SetUserClipRect) for WM_SetUserClipRect
    multipage_skinclassic.o(i._Paint) refers to gui_setfont.o(i.GUI_SetFont) for GUI_SetFont
    multipage_skinclassic.o(i._Paint) refers to gui_array.o(i.GUI_ARRAY_GetpItemLocked) for GUI_ARRAY_GetpItemLocked
    multipage_skinclassic.o(i._Paint) refers to gui_alloc.o(i.GUI_ALLOC_UnlockH) for GUI_ALLOC_UnlockH
    multipage_skinclassic.o(i._Paint) refers to multipage.o(i.MULTIPAGE__GetPageWidth) for MULTIPAGE__GetPageWidth
    multipage_skinclassic.o(i._Paint) refers to gui_draw.o(i.GUI_DRAW__GetXSize) for GUI_DRAW__GetXSize
    multipage_skinclassic.o(i._Paint) refers to gui_draw.o(i.GUI_DRAW__GetYSize) for GUI_DRAW__GetYSize
    multipage_skinclassic.o(i._Paint) refers to gui_draw.o(i.GUI_DRAW__Draw) for GUI_DRAW__Draw
    multipage_skinclassic.o(i._Paint) refers to gui_settextmode.o(i.GUI_SetTextMode) for GUI_SetTextMode
    multipage_skinclassic.o(i._Paint) refers to strlen.o(.text) for strlen
    multipage_skinclassic.o(i._Paint) refers to gui_dispstringinrectex.o(i.GUI_DispStringInRectEx) for GUI_DispStringInRectEx
    multipage_skinclassic.o(i._Paint) refers to gui_dispstringinrect.o(i.GUI_DispStringInRect) for GUI_DispStringInRect
    multipage_skinclassic.o(i._Paint) refers to lcd_rotatecw.o(.data) for LCD_APIListCW
    multipage_skinclassic.o(.constdata) refers to multipage_skinclassic.o(i._Paint) for _Paint
    multipage_skinclassic.o(.constdata) refers to multipage_skinclassic.o(i._Create) for _Create
    scrollbar_create.o(i.SCROLLBAR_Create) refers to scrollbar.o(i.SCROLLBAR_CreateEx) for SCROLLBAR_CreateEx
    scrollbar_create.o(i.SCROLLBAR_CreateAttached) refers to scrollbar.o(i.SCROLLBAR_CreateEx) for SCROLLBAR_CreateEx
    scrollbar_create.o(i.SCROLLBAR_CreateAttached) refers to wm_notifyparent.o(i.WM_NotifyParent) for WM_NotifyParent
    scrollbar_skinclassic.o(i.SCROLLBAR_SetDefaultSkinClassic) refers to scrollbar_skinclassic.o(.constdata) for .constdata
    scrollbar_skinclassic.o(i.SCROLLBAR_SetDefaultSkinClassic) refers to scrollbar.o(.data) for SCROLLBAR__pSkinDefault
    scrollbar_skinclassic.o(i.SCROLLBAR_SetSkinClassic) refers to gui_task.o(i.GUI_Lock) for GUI_Lock
    scrollbar_skinclassic.o(i.SCROLLBAR_SetSkinClassic) refers to gui_alloc.o(i.GUI_ALLOC_LockH) for GUI_ALLOC_LockH
    scrollbar_skinclassic.o(i.SCROLLBAR_SetSkinClassic) refers to gui_alloc.o(i.GUI_ALLOC_UnlockH) for GUI_ALLOC_UnlockH
    scrollbar_skinclassic.o(i.SCROLLBAR_SetSkinClassic) refers to wm.o(i.WM_InvalidateWindow) for WM_InvalidateWindow
    scrollbar_skinclassic.o(i.SCROLLBAR_SetSkinClassic) refers to gui_task.o(i.GUI_Unlock) for GUI_Unlock
    scrollbar_skinclassic.o(i.SCROLLBAR_SetSkinClassic) refers to scrollbar_skinclassic.o(.constdata) for .constdata
    scrollbar_skinclassic.o(i.SCROLLBAR_SetSkinClassic) refers to scrollbar_skinclassic.o(i._CalcPositions) for _CalcPositions
    scrollbar_skinclassic.o(i._CalcPositions) refers to gui_alloc.o(i.GUI_ALLOC_LockH) for GUI_ALLOC_LockH
    scrollbar_skinclassic.o(i._CalcPositions) refers to wm_getscrollbar.o(i.WM_GetScrollbarV) for WM_GetScrollbarV
    scrollbar_skinclassic.o(i._CalcPositions) refers to wm_getwindowrect.o(i.WM_GetWindowRectEx) for WM_GetWindowRectEx
    scrollbar_skinclassic.o(i._CalcPositions) refers to wm_getscrollbar.o(i.WM_GetScrollbarH) for WM_GetScrollbarH
    scrollbar_skinclassic.o(i._CalcPositions) refers to gui_moverect.o(i.GUI_MoveRect) for GUI_MoveRect
    scrollbar_skinclassic.o(i._CalcPositions) refers to scrollbar.o(i.SCROLLBAR__Rect2VRect) for SCROLLBAR__Rect2VRect
    scrollbar_skinclassic.o(i._CalcPositions) refers to widget.o(i.WIDGET__GetXSize) for WIDGET__GetXSize
    scrollbar_skinclassic.o(i._CalcPositions) refers to widget.o(i.WIDGET__GetYSize) for WIDGET__GetYSize
    scrollbar_skinclassic.o(i._CalcPositions) refers to gui__divideround32.o(i.GUI__DivideRound32) for GUI__DivideRound32
    scrollbar_skinclassic.o(i._CalcPositions) refers to gui_alloc.o(i.GUI_ALLOC_UnlockH) for GUI_ALLOC_UnlockH
    scrollbar_skinclassic.o(i._CalcPositions) refers to scrollbar.o(.data) for SCROLLBAR__ThumbSizeMin
    scrollbar_skinclassic.o(i._Create) refers to gui_alloc.o(i.GUI_ALLOC_LockH) for GUI_ALLOC_LockH
    scrollbar_skinclassic.o(i._Create) refers to gui_alloc.o(i.GUI_ALLOC_UnlockH) for GUI_ALLOC_UnlockH
    scrollbar_skinclassic.o(i._Create) refers to scrollbar_skinclassic.o(i._CalcPositions) for _CalcPositions
    scrollbar_skinclassic.o(i._Paint) refers to gui_alloc.o(i.GUI_ALLOC_LockH) for GUI_ALLOC_LockH
    scrollbar_skinclassic.o(i._Paint) refers to widget.o(i.WIDGET__GetClientRect) for WIDGET__GetClientRect
    scrollbar_skinclassic.o(i._Paint) refers to lcd.o(i.LCD_SetColor) for LCD_SetColor
    scrollbar_skinclassic.o(i._Paint) refers to widget.o(i.WIDGET__FillRectEx) for WIDGET__FillRectEx
    scrollbar_skinclassic.o(i._Paint) refers to widget.o(i.WIDGET__DrawTriangle) for WIDGET__DrawTriangle
    scrollbar_skinclassic.o(i._Paint) refers to widget.o(i.WIDGET__EFFECT_DrawUpRect) for WIDGET__EFFECT_DrawUpRect
    scrollbar_skinclassic.o(i._Paint) refers to gui_alloc.o(i.GUI_ALLOC_UnlockH) for GUI_ALLOC_UnlockH
    scrollbar_skinclassic.o(.constdata) refers to scrollbar_skinclassic.o(i._Paint) for _Paint
    scrollbar_skinclassic.o(.constdata) refers to scrollbar_skinclassic.o(i._Create) for _Create
    spinbox_skinclassic.o(i.SPINBOX_SetDefaultSkinClassic) refers to spinbox_skinclassic.o(.constdata) for .constdata
    spinbox_skinclassic.o(i.SPINBOX_SetDefaultSkinClassic) refers to spinbox.o(.data) for SPINBOX__pSkinDefault
    spinbox_skinclassic.o(i.SPINBOX_SetSkinClassic) refers to gui_task.o(i.GUI_Lock) for GUI_Lock
    spinbox_skinclassic.o(i.SPINBOX_SetSkinClassic) refers to gui_alloc.o(i.GUI_ALLOC_LockH) for GUI_ALLOC_LockH
    spinbox_skinclassic.o(i.SPINBOX_SetSkinClassic) refers to gui_alloc.o(i.GUI_ALLOC_UnlockH) for GUI_ALLOC_UnlockH
    spinbox_skinclassic.o(i.SPINBOX_SetSkinClassic) refers to wm.o(i.WM_InvalidateWindow) for WM_InvalidateWindow
    spinbox_skinclassic.o(i.SPINBOX_SetSkinClassic) refers to gui_task.o(i.GUI_Unlock) for GUI_Unlock
    spinbox_skinclassic.o(i.SPINBOX_SetSkinClassic) refers to spinbox_skinclassic.o(.constdata) for .constdata
    spinbox_skinclassic.o(i._DrawSpinEffect) refers to gui_alloc.o(i.GUI_ALLOC_LockH) for GUI_ALLOC_LockH
    spinbox_skinclassic.o(i._DrawSpinEffect) refers to rt_memcpy_w.o(.text) for __aeabi_memcpy4
    spinbox_skinclassic.o(i._DrawSpinEffect) refers to gui_alloc.o(i.GUI_ALLOC_UnlockH) for GUI_ALLOC_UnlockH
    spinbox_skinclassic.o(i._DrawSpinEffect) refers to wm__isenabled.o(i.WM__IsEnabled) for WM__IsEnabled
    spinbox_skinclassic.o(i._DrawSpinEffect) refers to gui_setcolor.o(i.GUI_SetColor) for GUI_SetColor
    spinbox_skinclassic.o(i._DrawSpinEffect) refers to gui_drawvline.o(i.GUI_DrawVLine) for GUI_DrawVLine
    spinbox_skinclassic.o(i._DrawSpinEffect) refers to gui_drawhline.o(i.GUI_DrawHLine) for GUI_DrawHLine
    spinbox_skinclassic.o(i._DrawSpinEffect) refers to gui__reducerect.o(i.GUI__ReduceRect) for GUI__ReduceRect
    spinbox_skinclassic.o(i._DrawSpinEffect) refers to gui_fillrectex.o(i.GUI_FillRectEx) for GUI_FillRectEx
    spinbox_skinclassic.o(i._DrawTriangle) refers to wm__isenabled.o(i.WM__IsEnabled) for WM__IsEnabled
    spinbox_skinclassic.o(i._DrawTriangle) refers to gui_alloc.o(i.GUI_ALLOC_LockH) for GUI_ALLOC_LockH
    spinbox_skinclassic.o(i._DrawTriangle) refers to gui_setcolor.o(i.GUI_SetColor) for GUI_SetColor
    spinbox_skinclassic.o(i._DrawTriangle) refers to wm_getwindowsize.o(i.WM_GetWindowSizeY) for WM_GetWindowSizeY
    spinbox_skinclassic.o(i._DrawTriangle) refers to gui_alloc.o(i.GUI_ALLOC_UnlockH) for GUI_ALLOC_UnlockH
    spinbox_skinclassic.o(i._DrawTriangle) refers to gui_drawhline.o(i.GUI_DrawHLine) for GUI_DrawHLine
    spinbox_skinclassic.o(i._Paint) refers to gui_alloc.o(i.GUI_ALLOC_LockH) for GUI_ALLOC_LockH
    spinbox_skinclassic.o(i._Paint) refers to rt_memcpy_w.o(.text) for __aeabi_memcpy4
    spinbox_skinclassic.o(i._Paint) refers to gui_alloc.o(i.GUI_ALLOC_UnlockH) for GUI_ALLOC_UnlockH
    spinbox_skinclassic.o(i._Paint) refers to wm_getwindowrect.o(i.WM_GetWindowRect) for WM_GetWindowRect
    spinbox_skinclassic.o(i._Paint) refers to wm__isenabled.o(i.WM__IsEnabled) for WM__IsEnabled
    spinbox_skinclassic.o(i._Paint) refers to spinbox.o(i.SPINBOX__DrawBk) for SPINBOX__DrawBk
    spinbox_skinclassic.o(i._Paint) refers to spinbox.o(i.SPINBOX__GetButtonRect) for SPINBOX__GetButtonRect
    spinbox_skinclassic.o(i._Paint) refers to spinbox_skinclassic.o(i._DrawSpinEffect) for _DrawSpinEffect
    spinbox_skinclassic.o(i._Paint) refers to spinbox_skinclassic.o(i._DrawTriangle) for _DrawTriangle
    spinbox_skinclassic.o(.constdata) refers to spinbox_skinclassic.o(i._Paint) for _Paint
    spinbox_skinclassic.o(.constdata) refers to spinbox_skinclassic.o(i._Create) for _Create
    widget_effect_3d1l.o(i.WIDGET_EFFECT_3D1L_GetColor) refers to widget_effect_3d1l.o(.data) for .data
    widget_effect_3d1l.o(i.WIDGET_EFFECT_3D1L_SetColor) refers to widget_effect_3d1l.o(.data) for .data
    widget_effect_3d1l.o(i._DrawDown) refers to wm_getclientrect.o(i.WM_GetClientRect) for WM_GetClientRect
    widget_effect_3d1l.o(i._DrawDown) refers to widget_effect_3d1l.o(i._DrawDownRect) for _DrawDownRect
    widget_effect_3d1l.o(i._DrawDownRect) refers to lcd.o(i.LCD_SetColor) for LCD_SetColor
    widget_effect_3d1l.o(i._DrawDownRect) refers to gui_drawhline.o(i.GUI_DrawHLine) for GUI_DrawHLine
    widget_effect_3d1l.o(i._DrawDownRect) refers to gui_drawvline.o(i.GUI_DrawVLine) for GUI_DrawVLine
    widget_effect_3d1l.o(i._DrawDownRect) refers to widget_effect_3d1l.o(.data) for .data
    widget_effect_3d1l.o(i._DrawUp) refers to wm_getclientrect.o(i.WM_GetClientRect) for WM_GetClientRect
    widget_effect_3d1l.o(i._DrawUp) refers to widget_effect_3d1l.o(i._DrawUpRect) for _DrawUpRect
    widget_effect_3d1l.o(i._DrawUpRect) refers to lcd.o(i.LCD_SetColor) for LCD_SetColor
    widget_effect_3d1l.o(i._DrawUpRect) refers to gui_drawhline.o(i.GUI_DrawHLine) for GUI_DrawHLine
    widget_effect_3d1l.o(i._DrawUpRect) refers to gui_drawvline.o(i.GUI_DrawVLine) for GUI_DrawVLine
    widget_effect_3d1l.o(i._DrawUpRect) refers to widget_effect_3d1l.o(.data) for .data
    widget_effect_3d1l.o(.constdata) refers to widget_effect_3d1l.o(i._DrawUp) for _DrawUp
    widget_effect_3d1l.o(.constdata) refers to widget_effect_3d1l.o(i._DrawUpRect) for _DrawUpRect
    widget_effect_3d1l.o(.constdata) refers to widget_effect_3d1l.o(i._DrawDown) for _DrawDown
    widget_effect_3d1l.o(.constdata) refers to widget_effect_3d1l.o(i._DrawDownRect) for _DrawDownRect
    widget_fillstringinrect.o(i.WIDGET__FillStringInRect) refers to gui_rectsintersect.o(i.GUI_RectsIntersect) for GUI_RectsIntersect
    widget_fillstringinrect.o(i.WIDGET__FillStringInRect) refers to gui_getcolor.o(i.GUI_GetBkColor) for GUI_GetBkColor
    widget_fillstringinrect.o(i.WIDGET__FillStringInRect) refers to gui_settextmode.o(i.GUI_SetTextMode) for GUI_SetTextMode
    widget_fillstringinrect.o(i.WIDGET__FillStringInRect) refers to gui__intersectrects.o(i.GUI__IntersectRects) for GUI__IntersectRects
    widget_fillstringinrect.o(i.WIDGET__FillStringInRect) refers to gui_core.o(i.GUI_ClearRect) for GUI_ClearRect
    widget_fillstringinrect.o(i.WIDGET__FillStringInRect) refers to wm_setusercliprect.o(i.WM_SetUserClipRect) for WM_SetUserClipRect
    widget_fillstringinrect.o(i.WIDGET__FillStringInRect) refers to gui_dispstringat.o(i.GUI_DispStringAt) for GUI_DispStringAt
    widget_fillstringinrect.o(i.WIDGET__FillStringInRect) refers to gui_clearrectex.o(i.GUI_ClearRectEx) for GUI_ClearRectEx
    widget_fillstringinrect.o(i.WIDGET__FillStringInRect) refers to gui_core.o(.data) for GUI_pContext
    wm__getfocussedchild.o(i.WM__GetFocussedChild) refers to wm__ischild.o(i.WM__IsChild) for WM__IsChild
    wm__getfocussedchild.o(i.WM__GetFocussedChild) refers to wm.o(.data) for WM__ahWinFocus
    wm__getlastsibling.o(i.WM__GetLastSibling) refers to gui_alloc.o(i.GUI_ALLOC_h2p) for GUI_ALLOC_h2p
    wm__getprevsibling.o(i.WM__GetPrevSibling) refers to wm__getfirstsibling.o(i.WM__GetFirstSibling) for WM__GetFirstSibling
    wm__getprevsibling.o(i.WM__GetPrevSibling) refers to gui_alloc.o(i.GUI_ALLOC_h2p) for GUI_ALLOC_h2p
    wm__ischild.o(i.WM__IsChild) refers to gui_alloc.o(i.GUI_ALLOC_LockH) for GUI_ALLOC_LockH
    wm__ischild.o(i.WM__IsChild) refers to gui_alloc.o(i.GUI_ALLOC_UnlockH) for GUI_ALLOC_UnlockH
    wm__screen2client.o(i.WM__Screen2Client) refers to gui_moverect.o(i.GUI_MoveRect) for GUI_MoveRect
    wm__sendmessageifenabled.o(i.WM__SendMessageIfEnabled) refers to wm__isenabled.o(i.WM__IsEnabled) for WM__IsEnabled
    wm__sendmessageifenabled.o(i.WM__SendMessageIfEnabled) refers to wm__sendmessage.o(i.WM__SendMessage) for WM__SendMessage
    wm__sendmessagenopara.o(i.WM__SendMessageNoPara) refers to gui_alloc.o(i.GUI_ALLOC_h2p) for GUI_ALLOC_h2p
    wm__updatechildpositions.o(i.WM__UpdateChildPositions) refers to gui_alloc.o(i.GUI_ALLOC_LockH) for GUI_ALLOC_LockH
    wm__updatechildpositions.o(i.WM__UpdateChildPositions) refers to wm_move.o(i.WM_MoveWindow) for WM_MoveWindow
    wm__updatechildpositions.o(i.WM__UpdateChildPositions) refers to wm_resizewindow.o(i.WM_ResizeWindow) for WM_ResizeWindow
    wm__updatechildpositions.o(i.WM__UpdateChildPositions) refers to gui_alloc.o(i.GUI_ALLOC_UnlockH) for GUI_ALLOC_UnlockH
    wm_enablewindow.o(i.WM_DisableWindow) refers to wm_enablewindow.o(i.WM_SetEnableState) for WM_SetEnableState
    wm_enablewindow.o(i.WM_EnableWindow) refers to wm_enablewindow.o(i.WM_SetEnableState) for WM_SetEnableState
    wm_enablewindow.o(i.WM_SetEnableState) refers to gui_task.o(i.GUI_Lock) for GUI_Lock
    wm_enablewindow.o(i.WM_SetEnableState) refers to gui_alloc.o(i.GUI_ALLOC_LockH) for GUI_ALLOC_LockH
    wm_enablewindow.o(i.WM_SetEnableState) refers to gui_alloc.o(i.GUI_ALLOC_UnlockH) for GUI_ALLOC_UnlockH
    wm_enablewindow.o(i.WM_SetEnableState) refers to wm__sendmessage.o(i.WM__SendMessage) for WM__SendMessage
    wm_enablewindow.o(i.WM_SetEnableState) refers to gui_task.o(i.GUI_Unlock) for GUI_Unlock
    wm_getflags.o(i.WM_GetFlags) refers to gui_task.o(i.GUI_Lock) for GUI_Lock
    wm_getflags.o(i.WM_GetFlags) refers to gui_alloc.o(i.GUI_ALLOC_h2p) for GUI_ALLOC_h2p
    wm_getflags.o(i.WM_GetFlags) refers to gui_task.o(i.GUI_Unlock) for GUI_Unlock
    wm_getscrollpartner.o(i.WM_GetScrollPartner) refers to wm_getid.o(i.WM_GetId) for WM_GetId
    wm_getscrollpartner.o(i.WM_GetScrollPartner) refers to wm_getparent.o(i.WM_GetParent) for WM_GetParent
    wm_getscrollpartner.o(i.WM_GetScrollPartner) refers to wm_getdialogitem.o(i.WM_GetDialogItem) for WM_GetDialogItem
    wm_onkey.o(i.WM_OnKey) refers to gui_task.o(i.GUI_Lock) for GUI_Lock
    wm_onkey.o(i.WM_OnKey) refers to wm__sendmessage.o(i.WM__SendMessage) for WM__SendMessage
    wm_onkey.o(i.WM_OnKey) refers to gui_task.o(i.GUI_Unlock) for GUI_Unlock
    wm_onkey.o(i.WM_OnKey) refers to wm.o(.data) for WM__ahWinFocus
    wm_pid__getprevstate.o(i.WM_PID__GetPrevState) refers to wm_pid__getprevstate.o(.bss) for .bss
    wm_pid__getprevstate.o(i.WM_PID__SetPrevState) refers to wm_pid__getprevstate.o(.bss) for .bss
    wm_resizewindow.o(i.WM_ResizeWindow) refers to gui_task.o(i.GUI_Lock) for GUI_Lock
    wm_resizewindow.o(i.WM_ResizeWindow) refers to gui_alloc.o(i.GUI_ALLOC_LockH) for GUI_ALLOC_LockH
    wm_resizewindow.o(i.WM_ResizeWindow) refers to wm.o(i.WM__InvalidateDrawAndDescs) for WM__InvalidateDrawAndDescs
    wm_resizewindow.o(i.WM_ResizeWindow) refers to gui_mergerect.o(i.GUI_MergeRect) for GUI_MergeRect
    wm_resizewindow.o(i.WM_ResizeWindow) refers to wm.o(i.WM__InvalidateRectEx) for WM__InvalidateRectEx
    wm_resizewindow.o(i.WM_ResizeWindow) refers to wm__updatechildpositions.o(i.WM__UpdateChildPositions) for WM__UpdateChildPositions
    wm_resizewindow.o(i.WM_ResizeWindow) refers to gui__intersectrect.o(i.GUI__IntersectRect) for GUI__IntersectRect
    wm_resizewindow.o(i.WM_ResizeWindow) refers to wm.o(i.WM__SendMsgNoData) for WM__SendMsgNoData
    wm_resizewindow.o(i.WM_ResizeWindow) refers to gui_alloc.o(i.GUI_ALLOC_UnlockH) for GUI_ALLOC_UnlockH
    wm_resizewindow.o(i.WM_ResizeWindow) refers to gui_task.o(i.GUI_Unlock) for GUI_Unlock
    wm_screen2win.o(i.WM_Screen2hWin) refers to gui_task.o(i.GUI_Lock) for GUI_Lock
    wm_screen2win.o(i.WM_Screen2hWin) refers to wm_screen2win.o(i._Screen2hWinStop) for _Screen2hWinStop
    wm_screen2win.o(i.WM_Screen2hWin) refers to gui_task.o(i.GUI_Unlock) for GUI_Unlock
    wm_screen2win.o(i.WM_Screen2hWinEx) refers to gui_task.o(i.GUI_Lock) for GUI_Lock
    wm_screen2win.o(i.WM_Screen2hWinEx) refers to wm_screen2win.o(i._Screen2hWinStop) for _Screen2hWinStop
    wm_screen2win.o(i.WM_Screen2hWinEx) refers to gui_task.o(i.GUI_Unlock) for GUI_Unlock
    wm_screen2win.o(i._Screen2hWin) refers to gui_alloc.o(i.GUI_ALLOC_LockH) for GUI_ALLOC_LockH
    wm_screen2win.o(i._Screen2hWin) refers to wm_screen2win.o(i.WM__IsInWindow) for WM__IsInWindow
    wm_screen2win.o(i._Screen2hWin) refers to gui_alloc.o(i.GUI_ALLOC_UnlockH) for GUI_ALLOC_UnlockH
    wm_screen2win.o(i._Screen2hWin) refers to gui_alloc.o(i.GUI_ALLOC_h2p) for GUI_ALLOC_h2p
    wm_screen2win.o(i._Screen2hWinStop) refers to wm_getdesktopwindowex.o(i.WM_GetDesktopWindowEx) for WM_GetDesktopWindowEx
    wm_screen2win.o(i._Screen2hWinStop) refers to wm_screen2win.o(i._Screen2hWin) for _Screen2hWin
    wm_screen2win.o(i._Screen2hWinStop) refers to wm.o(.data) for WM__TouchedLayer
    wm_validatewindow.o(i.WM_ValidateWindow) refers to gui_task.o(i.GUI_Lock) for GUI_Lock
    wm_validatewindow.o(i.WM_ValidateWindow) refers to gui_alloc.o(i.GUI_ALLOC_LockH) for GUI_ALLOC_LockH
    wm_validatewindow.o(i.WM_ValidateWindow) refers to gui_alloc.o(i.GUI_ALLOC_UnlockH) for GUI_ALLOC_UnlockH
    wm_validatewindow.o(i.WM_ValidateWindow) refers to gui_task.o(i.GUI_Unlock) for GUI_Unlock
    wm_validatewindow.o(i.WM_ValidateWindow) refers to wm.o(.data) for WM__NumInvalidWindows
    gui_addhex.o(i.GUI_AddHex) refers to gui_addhex.o(.constdata) for .constdata
    gui_circ.o(i.Draw8Point) refers to gui_core.o(.data) for GUI_pContext
    gui_circ.o(i.GL_DrawCircle) refers to gui_circ.o(i.Draw8Point) for Draw8Point
    gui_circ.o(i.GL_DrawEllipse) refers to gui__sqrt32.o(i.GUI__sqrt32) for GUI__sqrt32
    gui_circ.o(i.GL_DrawEllipse) refers to lcd.o(i.LCD_DrawHLine) for LCD_DrawHLine
    gui_circ.o(i.GL_FillCircle) refers to gui_core.o(.data) for GUI_pContext
    gui_circ.o(i.GL_FillEllipse) refers to gui__sqrt32.o(i.GUI__sqrt32) for GUI__sqrt32
    gui_circ.o(i.GL_FillEllipse) refers to lcd.o(i.LCD_DrawHLine) for LCD_DrawHLine
    gui_circ.o(i.GUI_DrawCircle) refers to gui_task.o(i.GUI_Lock) for GUI_Lock
    gui_circ.o(i.GUI_DrawCircle) refers to wm.o(i.WM__InitIVRSearch) for WM__InitIVRSearch
    gui_circ.o(i.GUI_DrawCircle) refers to gui_circ.o(i.GL_DrawCircle) for GL_DrawCircle
    gui_circ.o(i.GUI_DrawCircle) refers to wm.o(i.WM__GetNextIVR) for WM__GetNextIVR
    gui_circ.o(i.GUI_DrawCircle) refers to gui_task.o(i.GUI_Unlock) for GUI_Unlock
    gui_circ.o(i.GUI_DrawCircle) refers to gui_core.o(.data) for GUI_pContext
    gui_circ.o(i.GUI_DrawEllipse) refers to gui_pen.o(i.GUI_GetPenSize) for GUI_GetPenSize
    gui_circ.o(i.GUI_DrawEllipse) refers to gui_task.o(i.GUI_Lock) for GUI_Lock
    gui_circ.o(i.GUI_DrawEllipse) refers to wm.o(i.WM__InitIVRSearch) for WM__InitIVRSearch
    gui_circ.o(i.GUI_DrawEllipse) refers to gui_circ.o(i.GL_FillEllipse) for GL_FillEllipse
    gui_circ.o(i.GUI_DrawEllipse) refers to gui_circ.o(i.GL_DrawEllipse) for GL_DrawEllipse
    gui_circ.o(i.GUI_DrawEllipse) refers to wm.o(i.WM__GetNextIVR) for WM__GetNextIVR
    gui_circ.o(i.GUI_DrawEllipse) refers to gui_task.o(i.GUI_Unlock) for GUI_Unlock
    gui_circ.o(i.GUI_DrawEllipse) refers to gui_core.o(.data) for GUI_pContext
    gui_circ.o(i.GUI_FillCircle) refers to gui_task.o(i.GUI_Lock) for GUI_Lock
    gui_circ.o(i.GUI_FillCircle) refers to wm.o(i.WM__InitIVRSearch) for WM__InitIVRSearch
    gui_circ.o(i.GUI_FillCircle) refers to gui_circ.o(i.GL_FillCircle) for GL_FillCircle
    gui_circ.o(i.GUI_FillCircle) refers to wm.o(i.WM__GetNextIVR) for WM__GetNextIVR
    gui_circ.o(i.GUI_FillCircle) refers to gui_task.o(i.GUI_Unlock) for GUI_Unlock
    gui_circ.o(i.GUI_FillCircle) refers to gui_core.o(.data) for GUI_pContext
    gui_circ.o(i.GUI_FillEllipse) refers to gui_pen.o(i.GUI_GetPenSize) for GUI_GetPenSize
    gui_circ.o(i.GUI_FillEllipse) refers to gui_task.o(i.GUI_Lock) for GUI_Lock
    gui_circ.o(i.GUI_FillEllipse) refers to wm.o(i.WM__InitIVRSearch) for WM__InitIVRSearch
    gui_circ.o(i.GUI_FillEllipse) refers to gui_circ.o(i.GL_FillEllipse) for GL_FillEllipse
    gui_circ.o(i.GUI_FillEllipse) refers to wm.o(i.WM__GetNextIVR) for WM__GetNextIVR
    gui_circ.o(i.GUI_FillEllipse) refers to gui_task.o(i.GUI_Unlock) for GUI_Unlock
    gui_circ.o(i.GUI_FillEllipse) refers to gui_core.o(.data) for GUI_pContext
    gui_setcolorindex.o(i.GUI_SetBkColorIndex) refers to gui_task.o(i.GUI_Lock) for GUI_Lock
    gui_setcolorindex.o(i.GUI_SetBkColorIndex) refers to lcd.o(i.LCD_SetBkColorIndex) for LCD_SetBkColorIndex
    gui_setcolorindex.o(i.GUI_SetBkColorIndex) refers to gui_task.o(i.GUI_Unlock) for GUI_Unlock
    gui_setcolorindex.o(i.GUI_SetBkColorIndex) refers to gui_core.o(.data) for GUI_pContext
    gui_setcolorindex.o(i.GUI_SetColorIndex) refers to gui_task.o(i.GUI_Lock) for GUI_Lock
    gui_setcolorindex.o(i.GUI_SetColorIndex) refers to lcd.o(i.LCD_SetColorIndex) for LCD_SetColorIndex
    gui_setcolorindex.o(i.GUI_SetColorIndex) refers to gui_task.o(i.GUI_Unlock) for GUI_Unlock
    gui_setcolorindex.o(i.GUI_SetColorIndex) refers to gui_core.o(.data) for GUI_pContext
    gui_setpixelindex.o(i.LCD_SetPixelIndex) refers to gui_core.o(.data) for GUI_pContext
    gui_touch.o(i.GUI_TOUCH_GetState) refers to gui_touch.o(.bss) for .bss
    gui_touch.o(i.GUI_TOUCH_StoreStateEx) refers to memcmp.o(.text) for memcmp
    gui_touch.o(i.GUI_TOUCH_StoreStateEx) refers to gui_pid.o(i.GUI_PID_StoreState) for GUI_PID_StoreState
    gui_touch.o(i.GUI_TOUCH_StoreStateEx) refers to gui_touch.o(.bss) for .bss
    guicc_444_12_1_index2color.o(i.LCD_Index2Color_444_12_1) refers to gui__divtbl_15_255.o(.constdata) for GUI__aConvert_15_255
    guicc_444_12_index2color.o(i.LCD_Index2Color_444_12) refers to gui__divtbl_15_255.o(.constdata) for GUI__aConvert_15_255
    guicc_444_16_index2color.o(i.LCD_Index2Color_444_16) refers to gui__divtbl_15_255.o(.constdata) for GUI__aConvert_15_255
    guicc_m444_12_1_index2color.o(i.LCD_Index2Color_M444_12_1) refers to gui__divtbl_15_255.o(.constdata) for GUI__aConvert_15_255
    guicc_m444_12_index2color.o(i.LCD_Index2Color_M444_12) refers to gui__divtbl_15_255.o(.constdata) for GUI__aConvert_15_255
    guicc_m444_16_index2color.o(i.LCD_Index2Color_M444_16) refers to gui__divtbl_15_255.o(.constdata) for GUI__aConvert_15_255
    lcd_getp.o(i.GUI_GetPixelIndex) refers to gui_task.o(i.GUI_Lock) for GUI_Lock
    lcd_getp.o(i.GUI_GetPixelIndex) refers to lcd_getp.o(i.LCD_GetPixelIndex) for LCD_GetPixelIndex
    lcd_getp.o(i.GUI_GetPixelIndex) refers to gui_task.o(i.GUI_Unlock) for GUI_Unlock
    lcd_getp.o(i.LCD_GetPixelIndex) refers to gui_core.o(.data) for GUI_pContext
    lcd_rlealpha.o(i._Draw) refers to gui__alpha.o(i.GUI__DoAlphaBlending) for GUI__DoAlphaBlending
    lcd_rlealpha.o(i._Draw) refers to gui__compactpixelindices.o(i.GUI__CompactPixelIndicesEx) for GUI__CompactPixelIndicesEx
    lcd_rlealpha.o(i._Draw) refers to lcd.o(i.LCD_DrawBitmap) for LCD_DrawBitmap
    lcd_rlealpha.o(i._Draw) refers to guicc_8888_index2color.o(i.LCD_Index2Color_8888) for LCD_Index2Color_8888
    lcd_rlealpha.o(i._DrawBitmap_RLEAlpha) refers to gui__alpha.o(i.GUI__AllocAlphaBuffer) for GUI__AllocAlphaBuffer
    lcd_rlealpha.o(i._DrawBitmap_RLEAlpha) refers to gui__alpha.o(i.GUI__GetAlphaBuffer) for GUI__GetAlphaBuffer
    lcd_rlealpha.o(i._DrawBitmap_RLEAlpha) refers to gui_getcolor.o(i.GUI_GetColor) for GUI_GetColor
    lcd_rlealpha.o(i._DrawBitmap_RLEAlpha) refers to gui_core.o(.data) for GUI_pContext
    lcd_rlealpha.o(i._DrawBitmap_RLEAlpha) refers to guicc_8888.o(.constdata) for LCD_API_ColorConv_8888
    lcd_rlealpha.o(i._DrawBitmap_RLEAlpha) refers to lcd_rlealpha.o(i._DrawClip) for _DrawClip
    lcd_rlealpha.o(i._DrawBitmap_RLEAlpha) refers to lcd_rlealpha.o(i._Draw) for _Draw
    lcd_rlealpha.o(i._DrawClip) refers to lcd_rlealpha.o(i._Draw) for _Draw
    lcd_rlealpha.o(i._DrawClip) refers to gui_core.o(.data) for GUI_pContext
    lcd_rlealpha.o(.constdata) refers to lcd_rlealpha.o(i._DrawBitmap_RLEAlpha) for _DrawBitmap_RLEAlpha
    lcd_selectlcd.o(i.LCD_SelectLCD) refers to gui_device.o(i.GUI_DEVICE_Unlink) for GUI_DEVICE_Unlink
    lcd_selectlcd.o(i.LCD_SelectLCD) refers to lcd.o(i.LCD_SetClipRectMax) for LCD_SetClipRectMax
    lcd_selectlcd.o(i.LCD_SelectLCD) refers to gui_core.o(.data) for GUI_pContext
    scrollbar_defaults.o(i.SCROLLBAR_GetDefaultWidth) refers to scrollbar.o(.data) for SCROLLBAR__DefaultWidth
    scrollbar_defaults.o(i.SCROLLBAR_GetThumbSizeMin) refers to scrollbar.o(.data) for SCROLLBAR__ThumbSizeMin
    scrollbar_defaults.o(i.SCROLLBAR_SetDefaultColor) refers to scrollbar.o(.data) for SCROLLBAR__DefaultProps
    scrollbar_defaults.o(i.SCROLLBAR_SetDefaultWidth) refers to scrollbar.o(.data) for SCROLLBAR__DefaultWidth
    scrollbar_defaults.o(i.SCROLLBAR_SetThumbSizeMin) refers to scrollbar.o(.data) for SCROLLBAR__ThumbSizeMin
    scrollbar_setcolor.o(i.SCROLLBAR_SetColor) refers to gui_task.o(i.GUI_Lock) for GUI_Lock
    scrollbar_setcolor.o(i.SCROLLBAR_SetColor) refers to gui_alloc.o(i.GUI_ALLOC_LockH) for GUI_ALLOC_LockH
    scrollbar_setcolor.o(i.SCROLLBAR_SetColor) refers to wm.o(i.WM_InvalidateWindow) for WM_InvalidateWindow
    scrollbar_setcolor.o(i.SCROLLBAR_SetColor) refers to gui_alloc.o(i.GUI_ALLOC_UnlockH) for GUI_ALLOC_UnlockH
    scrollbar_setcolor.o(i.SCROLLBAR_SetColor) refers to gui_task.o(i.GUI_Unlock) for GUI_Unlock
    scrollbar_setwidth.o(i.SCROLLBAR_SetWidth) refers to gui_task.o(i.GUI_Lock) for GUI_Lock
    scrollbar_setwidth.o(i.SCROLLBAR_SetWidth) refers to widget_setwidth.o(i.WIDGET_SetWidth) for WIDGET_SetWidth
    scrollbar_setwidth.o(i.SCROLLBAR_SetWidth) refers to scrollbar.o(i.SCROLLBAR__InvalidatePartner) for SCROLLBAR__InvalidatePartner
    scrollbar_setwidth.o(i.SCROLLBAR_SetWidth) refers to gui_task.o(i.GUI_Unlock) for GUI_Unlock
    wm__getfirstsibling.o(i.WM__GetFirstSibling) refers to wm_getparent.o(i.WM_GetParent) for WM_GetParent
    wm__getfirstsibling.o(i.WM__GetFirstSibling) refers to gui_alloc.o(i.GUI_ALLOC_h2p) for GUI_ALLOC_h2p
    wm_getdesktopwindowex.o(i.WM_GetDesktopWindowEx) refers to wm.o(.data) for WM__ahDesktopWin
    widget_setwidth.o(i.WIDGET_SetWidth) refers to gui_task.o(i.GUI_Lock) for GUI_Lock
    widget_setwidth.o(i.WIDGET_SetWidth) refers to gui_alloc.o(i.GUI_ALLOC_LockH) for GUI_ALLOC_LockH
    widget_setwidth.o(i.WIDGET_SetWidth) refers to gui_alloc.o(i.GUI_ALLOC_UnlockH) for GUI_ALLOC_UnlockH
    widget_setwidth.o(i.WIDGET_SetWidth) refers to wm_setxsize.o(i.WM_SetXSize) for WM_SetXSize
    widget_setwidth.o(i.WIDGET_SetWidth) refers to wm_setysize.o(i.WM_SetYSize) for WM_SetYSize
    widget_setwidth.o(i.WIDGET_SetWidth) refers to gui_task.o(i.GUI_Unlock) for GUI_Unlock
    wm_setxsize.o(i.WM_SetXSize) refers to gui_task.o(i.GUI_Lock) for GUI_Lock
    wm_setxsize.o(i.WM_SetXSize) refers to gui_alloc.o(i.GUI_ALLOC_LockH) for GUI_ALLOC_LockH
    wm_setxsize.o(i.WM_SetXSize) refers to wm_resizewindow.o(i.WM_ResizeWindow) for WM_ResizeWindow
    wm_setxsize.o(i.WM_SetXSize) refers to gui_alloc.o(i.GUI_ALLOC_UnlockH) for GUI_ALLOC_UnlockH
    wm_setxsize.o(i.WM_SetXSize) refers to gui_task.o(i.GUI_Unlock) for GUI_Unlock
    wm_setysize.o(i.WM_SetYSize) refers to gui_task.o(i.GUI_Lock) for GUI_Lock
    wm_setysize.o(i.WM_SetYSize) refers to gui_alloc.o(i.GUI_ALLOC_LockH) for GUI_ALLOC_LockH
    wm_setysize.o(i.WM_SetYSize) refers to wm_resizewindow.o(i.WM_ResizeWindow) for WM_ResizeWindow
    wm_setysize.o(i.WM_SetYSize) refers to gui_alloc.o(i.GUI_ALLOC_UnlockH) for GUI_ALLOC_UnlockH
    wm_setysize.o(i.WM_SetYSize) refers to gui_task.o(i.GUI_Unlock) for GUI_Unlock
    use_no_semi_2.o(.text) refers (Special) to use_no_semi.o(.text) for __use_no_semihosting_swi
    llsdiv.o(.text) refers to lludivv7m.o(.text) for __aeabi_uldivmod
    __2printf.o(.text) refers to _printf_char_file.o(.text) for _printf_char_file
    __2printf.o(.text) refers to usart.o(.data) for __stdout
    noretval__2printf.o(.text) refers to _printf_char_file.o(.text) for _printf_char_file
    noretval__2printf.o(.text) refers to usart.o(.data) for __stdout
    __printf.o(.text) refers to _printf_percent.o(.ARM.Collect$$_printf_percent$$00000000) for _printf_percent
    _printf_str.o(.text) refers (Special) to _printf_char.o(.text) for _printf_cs_common
    _printf_str.o(.text) refers (Weak) to _printf_pad.o(.text) for _printf_pre_padding
    _printf_str.o(.text) refers (Weak) to _printf_pad.o(.text) for _printf_post_padding
    _printf_dec.o(.text) refers to _printf_intcommon.o(.text) for _printf_int_common
    _printf_hex_ll.o(.text) refers to _printf_intcommon.o(.text) for _printf_int_common
    _printf_hex_ll.o(.text) refers to _printf_hex_ll.o(.constdata) for .constdata
    _printf_hex_int.o(.text) refers to _printf_intcommon.o(.text) for _printf_int_common
    _printf_hex_int.o(.text) refers to _printf_hex_int.o(.constdata) for .constdata
    _printf_hex_int_ll.o(.text) refers to _printf_intcommon.o(.text) for _printf_int_common
    _printf_hex_int_ll.o(.text) refers to _printf_hex_int_ll.o(.constdata) for .constdata
    _printf_hex_ptr.o(.text) refers to _printf_intcommon.o(.text) for _printf_int_common
    _printf_hex_ptr.o(.text) refers to _printf_hex_ptr.o(.constdata) for .constdata
    _printf_hex_int_ptr.o(.text) refers to _printf_intcommon.o(.text) for _printf_int_common
    _printf_hex_int_ptr.o(.text) refers to _printf_hex_int_ptr.o(.constdata) for .constdata
    _printf_hex_ll_ptr.o(.text) refers to _printf_intcommon.o(.text) for _printf_int_common
    _printf_hex_ll_ptr.o(.text) refers to _printf_hex_ll_ptr.o(.constdata) for .constdata
    _printf_hex_int_ll_ptr.o(.text) refers to _printf_intcommon.o(.text) for _printf_int_common
    _printf_hex_int_ll_ptr.o(.text) refers to _printf_hex_int_ll_ptr.o(.constdata) for .constdata
    __printf_flags.o(.text) refers to _printf_percent.o(.ARM.Collect$$_printf_percent$$00000000) for _printf_percent
    __printf_flags.o(.text) refers to __printf_flags.o(.constdata) for .constdata
    __printf_ss.o(.text) refers to _printf_percent.o(.ARM.Collect$$_printf_percent$$00000000) for _printf_percent
    __printf_flags_ss.o(.text) refers to _printf_percent.o(.ARM.Collect$$_printf_percent$$00000000) for _printf_percent
    __printf_flags_ss.o(.text) refers to __printf_flags_ss.o(.constdata) for .constdata
    __printf_wp.o(.text) refers to __printf_wp.o(i._is_digit) for _is_digit
    __printf_wp.o(.text) refers to _printf_percent.o(.ARM.Collect$$_printf_percent$$00000000) for _printf_percent
    __printf_flags_wp.o(.text) refers to __printf_wp.o(i._is_digit) for _is_digit
    __printf_flags_wp.o(.text) refers to _printf_percent.o(.ARM.Collect$$_printf_percent$$00000000) for _printf_percent
    __printf_flags_wp.o(.text) refers to __printf_flags_wp.o(.constdata) for .constdata
    __printf_ss_wp.o(.text) refers to __printf_wp.o(i._is_digit) for _is_digit
    __printf_ss_wp.o(.text) refers to _printf_percent.o(.ARM.Collect$$_printf_percent$$00000000) for _printf_percent
    __printf_flags_ss_wp.o(.text) refers to __printf_wp.o(i._is_digit) for _is_digit
    __printf_flags_ss_wp.o(.text) refers to _printf_percent.o(.ARM.Collect$$_printf_percent$$00000000) for _printf_percent
    __printf_flags_ss_wp.o(.text) refers to __printf_flags_ss_wp.o(.constdata) for .constdata
    _printf_c.o(.ARM.Collect$$_printf_percent$$00000013) refers (Weak) to _printf_char.o(.text) for _printf_char
    _printf_s.o(.ARM.Collect$$_printf_percent$$00000014) refers (Weak) to _printf_char.o(.text) for _printf_string
    _printf_x.o(.ARM.Collect$$_printf_percent$$0000000C) refers (Weak) to _printf_hex_int.o(.text) for _printf_int_hex
    _printf_d.o(.ARM.Collect$$_printf_percent$$00000009) refers (Weak) to _printf_dec.o(.text) for _printf_int_dec
    _printf_u.o(.ARM.Collect$$_printf_percent$$0000000A) refers (Weak) to _printf_dec.o(.text) for _printf_int_dec
    _printf_f.o(.ARM.Collect$$_printf_percent$$00000003) refers (Weak) to printf1.o(x$fpl$printf1) for _printf_fp_dec
    _printf_percent.o(.ARM.Collect$$_printf_percent$$00000000) refers (Special) to _printf_percent_end.o(.ARM.Collect$$_printf_percent$$00000017) for _printf_percent_end
    rand.o(.emb_text) refers (Special) to libinit2.o(.ARM.Collect$$libinit$$0000000D) for __rt_lib_init_rand_2
    rand.o(.emb_text) refers to rand.o(.text) for _rand_init
    rand.o(.emb_text) refers to rand.o(.bss) for _random_number_data
    rand.o(.text) refers (Special) to libinit2.o(.ARM.Collect$$libinit$$0000000D) for __rt_lib_init_rand_2
    rand.o(.text) refers to rand.o(.bss) for .bss
    rand.o(.bss) refers (Special) to libinit2.o(.ARM.Collect$$libinit$$0000000D) for __rt_lib_init_rand_2
    rt_memcpy_v6.o(.text) refers to rt_memcpy_w.o(.text) for __aeabi_memcpy4
    rt_memmove_v6.o(.text) refers to rt_memcpy_v6.o(.text) for __aeabi_memcpy
    rt_memmove_v6.o(.text) refers to rt_memmove_w.o(.text) for __memmove_aligned
    aeabi_memset.o(.text) refers to rt_memclr.o(.text) for _memset
    __main.o(!!!main) refers to __rtentry.o(.ARM.Collect$$rtentry$$00000000) for __rt_entry
    d2f.o(x$fpl$d2f) refers (Special) to usenofp.o(x$fpl$usenofp) for __I$use$fp
    d2f.o(x$fpl$d2f) refers to fretinf.o(x$fpl$fretinf) for __fpl_fretinf
    d2f.o(x$fpl$d2f) refers to dnaninf.o(x$fpl$dnaninf) for __fpl_dnaninf
    daddsub_clz.o(x$fpl$dadd) refers (Special) to usenofp.o(x$fpl$usenofp) for __I$use$fp
    daddsub_clz.o(x$fpl$dadd) refers to daddsub_clz.o(x$fpl$dsub) for _dsub1
    daddsub_clz.o(x$fpl$dadd) refers to dretinf.o(x$fpl$dretinf) for __fpl_dretinf
    daddsub_clz.o(x$fpl$dadd) refers to dnaninf.o(x$fpl$dnaninf) for __fpl_dnaninf
    daddsub_clz.o(x$fpl$drsb) refers (Special) to usenofp.o(x$fpl$usenofp) for __I$use$fp
    daddsub_clz.o(x$fpl$drsb) refers to daddsub_clz.o(x$fpl$dadd) for _dadd1
    daddsub_clz.o(x$fpl$drsb) refers to daddsub_clz.o(x$fpl$dsub) for _dsub1
    daddsub_clz.o(x$fpl$dsub) refers (Special) to usenofp.o(x$fpl$usenofp) for __I$use$fp
    daddsub_clz.o(x$fpl$dsub) refers to daddsub_clz.o(x$fpl$dadd) for _dadd1
    daddsub_clz.o(x$fpl$dsub) refers to dnaninf.o(x$fpl$dnaninf) for __fpl_dnaninf
    ddiv.o(x$fpl$drdiv) refers (Special) to usenofp.o(x$fpl$usenofp) for __I$use$fp
    ddiv.o(x$fpl$drdiv) refers to ddiv.o(x$fpl$ddiv) for ddiv_entry
    ddiv.o(x$fpl$ddiv) refers (Special) to usenofp.o(x$fpl$usenofp) for __I$use$fp
    ddiv.o(x$fpl$ddiv) refers to dretinf.o(x$fpl$dretinf) for __fpl_dretinf
    ddiv.o(x$fpl$ddiv) refers to dnaninf.o(x$fpl$dnaninf) for __fpl_dnaninf
    dfix.o(x$fpl$dfix) refers (Special) to usenofp.o(x$fpl$usenofp) for __I$use$fp
    dfix.o(x$fpl$dfix) refers to dnaninf.o(x$fpl$dnaninf) for __fpl_dnaninf
    dfix.o(x$fpl$dfixr) refers (Special) to usenofp.o(x$fpl$usenofp) for __I$use$fp
    dfix.o(x$fpl$dfixr) refers to dnaninf.o(x$fpl$dnaninf) for __fpl_dnaninf
    dfixu.o(x$fpl$dfixu) refers (Special) to usenofp.o(x$fpl$usenofp) for __I$use$fp
    dfixu.o(x$fpl$dfixu) refers to dnaninf.o(x$fpl$dnaninf) for __fpl_dnaninf
    dfixu.o(x$fpl$dfixur) refers (Special) to usenofp.o(x$fpl$usenofp) for __I$use$fp
    dfixu.o(x$fpl$dfixur) refers to dnaninf.o(x$fpl$dnaninf) for __fpl_dnaninf
    dflt_clz.o(x$fpl$dfltu) refers (Special) to usenofp.o(x$fpl$usenofp) for __I$use$fp
    dflt_clz.o(x$fpl$dflt) refers (Special) to usenofp.o(x$fpl$usenofp) for __I$use$fp
    dflt_clz.o(x$fpl$dfltn) refers (Special) to usenofp.o(x$fpl$usenofp) for __I$use$fp
    dleqf.o(x$fpl$dleqf) refers (Special) to usenofp.o(x$fpl$usenofp) for __I$use$fp
    dleqf.o(x$fpl$dleqf) refers to dnaninf.o(x$fpl$dnaninf) for __fpl_dnaninf
    dleqf.o(x$fpl$dleqf) refers to dcmpi.o(x$fpl$dcmpinf) for __fpl_dcmp_Inf
    dmul.o(x$fpl$dmul) refers (Special) to usenofp.o(x$fpl$usenofp) for __I$use$fp
    dmul.o(x$fpl$dmul) refers to dretinf.o(x$fpl$dretinf) for __fpl_dretinf
    dmul.o(x$fpl$dmul) refers to dnaninf.o(x$fpl$dnaninf) for __fpl_dnaninf
    drleqf.o(x$fpl$drleqf) refers (Special) to usenofp.o(x$fpl$usenofp) for __I$use$fp
    drleqf.o(x$fpl$drleqf) refers to dleqf.o(x$fpl$dleqf) for __fpl_dcmple_InfNaN
    f2d.o(x$fpl$f2d) refers (Special) to usenofp.o(x$fpl$usenofp) for __I$use$fp
    f2d.o(x$fpl$f2d) refers to fnaninf.o(x$fpl$fnaninf) for __fpl_fnaninf
    f2d.o(x$fpl$f2d) refers to dretinf.o(x$fpl$dretinf) for __fpl_dretinf
    printf1.o(x$fpl$printf1) refers to _printf_fp_dec.o(.text) for _printf_fp_dec_real
    acos.o(i.__hardfp_acos) refers (Special) to usenofp.o(x$fpl$usenofp) for __I$use$fp
    acos.o(i.__hardfp_acos) refers to dunder.o(i.__mathlib_dbl_infnan) for __mathlib_dbl_infnan
    acos.o(i.__hardfp_acos) refers to _rserrno.o(.text) for __set_errno
    acos.o(i.__hardfp_acos) refers to dunder.o(i.__mathlib_dbl_invalid) for __mathlib_dbl_invalid
    acos.o(i.__hardfp_acos) refers to dmul.o(x$fpl$dmul) for __aeabi_dmul
    acos.o(i.__hardfp_acos) refers to poly.o(i.__kernel_poly) for __kernel_poly
    acos.o(i.__hardfp_acos) refers to daddsub_clz.o(x$fpl$dadd) for __aeabi_dadd
    acos.o(i.__hardfp_acos) refers to ddiv.o(x$fpl$ddiv) for __aeabi_ddiv
    acos.o(i.__hardfp_acos) refers to daddsub_clz.o(x$fpl$drsb) for __aeabi_drsub
    acos.o(i.__hardfp_acos) refers to sqrt.o(i.sqrt) for sqrt
    acos.o(i.__hardfp_acos) refers to daddsub_clz.o(x$fpl$dsub) for __aeabi_dsub
    acos.o(i.__hardfp_acos) refers to acos.o(.constdata) for .constdata
    acos.o(i.__softfp_acos) refers (Special) to usenofp.o(x$fpl$usenofp) for __I$use$fp
    acos.o(i.__softfp_acos) refers to acos.o(i.__hardfp_acos) for __hardfp_acos
    acos.o(i.acos) refers (Special) to usenofp.o(x$fpl$usenofp) for __I$use$fp
    acos.o(i.acos) refers to acos.o(i.__hardfp_acos) for __hardfp_acos
    acos.o(.constdata) refers (Special) to usenofp.o(x$fpl$usenofp) for __I$use$fp
    acos_x.o(i.____hardfp_acos$lsc) refers (Special) to usenofp.o(x$fpl$usenofp) for __I$use$fp
    acos_x.o(i.____hardfp_acos$lsc) refers to dunder.o(i.__mathlib_dbl_infnan) for __mathlib_dbl_infnan
    acos_x.o(i.____hardfp_acos$lsc) refers to _rserrno.o(.text) for __set_errno
    acos_x.o(i.____hardfp_acos$lsc) refers to dmul.o(x$fpl$dmul) for __aeabi_dmul
    acos_x.o(i.____hardfp_acos$lsc) refers to poly.o(i.__kernel_poly) for __kernel_poly
    acos_x.o(i.____hardfp_acos$lsc) refers to daddsub_clz.o(x$fpl$dadd) for __aeabi_dadd
    acos_x.o(i.____hardfp_acos$lsc) refers to ddiv.o(x$fpl$ddiv) for __aeabi_ddiv
    acos_x.o(i.____hardfp_acos$lsc) refers to daddsub_clz.o(x$fpl$drsb) for __aeabi_drsub
    acos_x.o(i.____hardfp_acos$lsc) refers to sqrt.o(i.sqrt) for sqrt
    acos_x.o(i.____hardfp_acos$lsc) refers to daddsub_clz.o(x$fpl$dsub) for __aeabi_dsub
    acos_x.o(i.____hardfp_acos$lsc) refers to acos_x.o(.constdata) for .constdata
    acos_x.o(i.____softfp_acos$lsc) refers (Special) to usenofp.o(x$fpl$usenofp) for __I$use$fp
    acos_x.o(i.____softfp_acos$lsc) refers to acos_x.o(i.____hardfp_acos$lsc) for ____hardfp_acos$lsc
    acos_x.o(i.__acos$lsc) refers (Special) to usenofp.o(x$fpl$usenofp) for __I$use$fp
    acos_x.o(i.__acos$lsc) refers to acos_x.o(i.____hardfp_acos$lsc) for ____hardfp_acos$lsc
    acos_x.o(.constdata) refers (Special) to usenofp.o(x$fpl$usenofp) for __I$use$fp
    ceil.o(i.__hardfp_ceil) refers (Special) to usenofp.o(x$fpl$usenofp) for __I$use$fp
    ceil.o(i.__hardfp_ceil) refers to daddsub_clz.o(x$fpl$dadd) for __aeabi_dadd
    ceil.o(i.__hardfp_ceil) refers to drleqf.o(x$fpl$drleqf) for __aeabi_cdrcmple
    ceil.o(i.__hardfp_ceil) refers to daddsub_clz.o(x$fpl$drsb) for __aeabi_drsub
    ceil.o(i.__softfp_ceil) refers (Special) to usenofp.o(x$fpl$usenofp) for __I$use$fp
    ceil.o(i.__softfp_ceil) refers to ceil.o(i.__hardfp_ceil) for __hardfp_ceil
    ceil.o(i.ceil) refers (Special) to usenofp.o(x$fpl$usenofp) for __I$use$fp
    ceil.o(i.ceil) refers to ceil.o(i.__hardfp_ceil) for __hardfp_ceil
    cos.o(i.__hardfp_cos) refers (Special) to usenofp.o(x$fpl$usenofp) for __I$use$fp
    cos.o(i.__hardfp_cos) refers to _rserrno.o(.text) for __set_errno
    cos.o(i.__hardfp_cos) refers to dunder.o(i.__mathlib_dbl_invalid) for __mathlib_dbl_invalid
    cos.o(i.__hardfp_cos) refers to dunder.o(i.__mathlib_dbl_infnan) for __mathlib_dbl_infnan
    cos.o(i.__hardfp_cos) refers to rred.o(i.__ieee754_rem_pio2) for __ieee754_rem_pio2
    cos.o(i.__hardfp_cos) refers to sin_i.o(i.__kernel_sin) for __kernel_sin
    cos.o(i.__hardfp_cos) refers to cos_i.o(i.__kernel_cos) for __kernel_cos
    cos.o(i.__hardfp_cos) refers to basic.o(x$fpl$basic) for __aeabi_dneg
    cos.o(i.__softfp_cos) refers (Special) to usenofp.o(x$fpl$usenofp) for __I$use$fp
    cos.o(i.__softfp_cos) refers to cos.o(i.__hardfp_cos) for __hardfp_cos
    cos.o(i.cos) refers (Special) to usenofp.o(x$fpl$usenofp) for __I$use$fp
    cos.o(i.cos) refers to cos.o(i.__hardfp_cos) for __hardfp_cos
    cos_x.o(i.____hardfp_cos$lsc) refers (Special) to usenofp.o(x$fpl$usenofp) for __I$use$fp
    cos_x.o(i.____hardfp_cos$lsc) refers to _rserrno.o(.text) for __set_errno
    cos_x.o(i.____hardfp_cos$lsc) refers to dunder.o(i.__mathlib_dbl_infnan) for __mathlib_dbl_infnan
    cos_x.o(i.____hardfp_cos$lsc) refers to rred.o(i.__ieee754_rem_pio2) for __ieee754_rem_pio2
    cos_x.o(i.____hardfp_cos$lsc) refers to sin_i.o(i.__kernel_sin) for __kernel_sin
    cos_x.o(i.____hardfp_cos$lsc) refers to cos_i.o(i.__kernel_cos) for __kernel_cos
    cos_x.o(i.____hardfp_cos$lsc) refers to basic.o(x$fpl$basic) for __aeabi_dneg
    cos_x.o(i.____softfp_cos$lsc) refers (Special) to usenofp.o(x$fpl$usenofp) for __I$use$fp
    cos_x.o(i.____softfp_cos$lsc) refers to cos_x.o(i.____hardfp_cos$lsc) for ____hardfp_cos$lsc
    cos_x.o(i.__cos$lsc) refers (Special) to usenofp.o(x$fpl$usenofp) for __I$use$fp
    cos_x.o(i.__cos$lsc) refers to cos_x.o(i.____hardfp_cos$lsc) for ____hardfp_cos$lsc
    floor.o(i.__hardfp_floor) refers (Special) to usenofp.o(x$fpl$usenofp) for __I$use$fp
    floor.o(i.__hardfp_floor) refers to daddsub_clz.o(x$fpl$dadd) for __aeabi_dadd
    floor.o(i.__hardfp_floor) refers to drleqf.o(x$fpl$drleqf) for __aeabi_cdrcmple
    floor.o(i.__hardfp_floor) refers to daddsub_clz.o(x$fpl$drsb) for __aeabi_drsub
    floor.o(i.__softfp_floor) refers (Special) to usenofp.o(x$fpl$usenofp) for __I$use$fp
    floor.o(i.__softfp_floor) refers to floor.o(i.__hardfp_floor) for __hardfp_floor
    floor.o(i.floor) refers (Special) to usenofp.o(x$fpl$usenofp) for __I$use$fp
    floor.o(i.floor) refers to floor.o(i.__hardfp_floor) for __hardfp_floor
    sin.o(i.__hardfp_sin) refers (Special) to usenofp.o(x$fpl$usenofp) for __I$use$fp
    sin.o(i.__hardfp_sin) refers to _rserrno.o(.text) for __set_errno
    sin.o(i.__hardfp_sin) refers to dunder.o(i.__mathlib_dbl_invalid) for __mathlib_dbl_invalid
    sin.o(i.__hardfp_sin) refers to dunder.o(i.__mathlib_dbl_infnan) for __mathlib_dbl_infnan
    sin.o(i.__hardfp_sin) refers to rred.o(i.__ieee754_rem_pio2) for __ieee754_rem_pio2
    sin.o(i.__hardfp_sin) refers to cos_i.o(i.__kernel_cos) for __kernel_cos
    sin.o(i.__hardfp_sin) refers to basic.o(x$fpl$basic) for __aeabi_dneg
    sin.o(i.__hardfp_sin) refers to sin_i.o(i.__kernel_sin) for __kernel_sin
    sin.o(i.__softfp_sin) refers (Special) to usenofp.o(x$fpl$usenofp) for __I$use$fp
    sin.o(i.__softfp_sin) refers to sin.o(i.__hardfp_sin) for __hardfp_sin
    sin.o(i.sin) refers (Special) to usenofp.o(x$fpl$usenofp) for __I$use$fp
    sin.o(i.sin) refers to sin.o(i.__hardfp_sin) for __hardfp_sin
    sin_x.o(i.____hardfp_sin$lsc) refers (Special) to usenofp.o(x$fpl$usenofp) for __I$use$fp
    sin_x.o(i.____hardfp_sin$lsc) refers to _rserrno.o(.text) for __set_errno
    sin_x.o(i.____hardfp_sin$lsc) refers to dunder.o(i.__mathlib_dbl_infnan) for __mathlib_dbl_infnan
    sin_x.o(i.____hardfp_sin$lsc) refers to rred.o(i.__ieee754_rem_pio2) for __ieee754_rem_pio2
    sin_x.o(i.____hardfp_sin$lsc) refers to cos_i.o(i.__kernel_cos) for __kernel_cos
    sin_x.o(i.____hardfp_sin$lsc) refers to basic.o(x$fpl$basic) for __aeabi_dneg
    sin_x.o(i.____hardfp_sin$lsc) refers to sin_i.o(i.__kernel_sin) for __kernel_sin
    sin_x.o(i.____softfp_sin$lsc) refers (Special) to usenofp.o(x$fpl$usenofp) for __I$use$fp
    sin_x.o(i.____softfp_sin$lsc) refers to sin_x.o(i.____hardfp_sin$lsc) for ____hardfp_sin$lsc
    sin_x.o(i.__sin$lsc) refers (Special) to usenofp.o(x$fpl$usenofp) for __I$use$fp
    sin_x.o(i.__sin$lsc) refers to sin_x.o(i.____hardfp_sin$lsc) for ____hardfp_sin$lsc
    sqrt.o(i.__hardfp_sqrt) refers (Special) to usenofp.o(x$fpl$usenofp) for __I$use$fp
    sqrt.o(i.__hardfp_sqrt) refers to dsqrt_umaal.o(x$fpl$dsqrt) for _dsqrt
    sqrt.o(i.__hardfp_sqrt) refers to _rserrno.o(.text) for __set_errno
    sqrt.o(i.__softfp_sqrt) refers (Special) to usenofp.o(x$fpl$usenofp) for __I$use$fp
    sqrt.o(i.__softfp_sqrt) refers to dsqrt_umaal.o(x$fpl$dsqrt) for _dsqrt
    sqrt.o(i.__softfp_sqrt) refers to _rserrno.o(.text) for __set_errno
    sqrt.o(i.sqrt) refers (Special) to usenofp.o(x$fpl$usenofp) for __I$use$fp
    sqrt.o(i.sqrt) refers to dsqrt_umaal.o(x$fpl$dsqrt) for _dsqrt
    sqrt.o(i.sqrt) refers to _rserrno.o(.text) for __set_errno
    sqrt_x.o(i.____hardfp_sqrt$lsc) refers (Special) to usenofp.o(x$fpl$usenofp) for __I$use$fp
    sqrt_x.o(i.____hardfp_sqrt$lsc) refers to dleqf.o(x$fpl$dleqf) for __aeabi_cdcmple
    sqrt_x.o(i.____hardfp_sqrt$lsc) refers to _rserrno.o(.text) for __set_errno
    sqrt_x.o(i.____hardfp_sqrt$lsc) refers to dsqrt_umaal.o(x$fpl$dsqrt) for _dsqrt
    sqrt_x.o(i.____softfp_sqrt$lsc) refers (Special) to usenofp.o(x$fpl$usenofp) for __I$use$fp
    sqrt_x.o(i.____softfp_sqrt$lsc) refers to dleqf.o(x$fpl$dleqf) for __aeabi_cdcmple
    sqrt_x.o(i.____softfp_sqrt$lsc) refers to _rserrno.o(.text) for __set_errno
    sqrt_x.o(i.____softfp_sqrt$lsc) refers to dsqrt_umaal.o(x$fpl$dsqrt) for _dsqrt
    sqrt_x.o(i.__sqrt$lsc) refers (Special) to usenofp.o(x$fpl$usenofp) for __I$use$fp
    sqrt_x.o(i.__sqrt$lsc) refers to dleqf.o(x$fpl$dleqf) for __aeabi_cdcmple
    sqrt_x.o(i.__sqrt$lsc) refers to _rserrno.o(.text) for __set_errno
    sqrt_x.o(i.__sqrt$lsc) refers to dsqrt_umaal.o(x$fpl$dsqrt) for _dsqrt
    __rtentry.o(.ARM.Collect$$rtentry$$00000000) refers (Special) to __rtentry2.o(.ARM.Collect$$rtentry$$0000000A) for __rt_entry_li
    __rtentry.o(.ARM.Collect$$rtentry$$00000000) refers (Special) to __rtentry2.o(.ARM.Collect$$rtentry$$0000000D) for __rt_entry_main
    __rtentry.o(.ARM.Collect$$rtentry$$00000000) refers (Special) to __rtentry2.o(.ARM.Collect$$rtentry$$0000000C) for __rt_entry_postli_1
    __rtentry.o(.ARM.Collect$$rtentry$$00000000) refers (Special) to __rtentry2.o(.ARM.Collect$$rtentry$$00000009) for __rt_entry_postsh_1
    __rtentry.o(.ARM.Collect$$rtentry$$00000000) refers (Special) to __rtentry2.o(.ARM.Collect$$rtentry$$00000002) for __rt_entry_presh_1
    __rtentry.o(.ARM.Collect$$rtentry$$00000000) refers (Special) to __rtentry4.o(.ARM.Collect$$rtentry$$00000004) for __rt_entry_sh
    aeabi_ldiv0_sigfpe.o(.text) refers to rt_div0.o(.text) for __rt_div0
    _rserrno.o(.text) refers to rt_errno_addr_intlibspace.o(.text) for __aeabi_errno_addr
    _printf_intcommon.o(.text) refers (Weak) to _printf_pad.o(.text) for _printf_pre_padding
    _printf_intcommon.o(.text) refers (Weak) to _printf_pad.o(.text) for _printf_pre_padding
    _printf_intcommon.o(.text) refers (Weak) to _printf_pad.o(.text) for _printf_post_padding
    _printf_fp_dec.o(.text) refers (Special) to usenofp.o(x$fpl$usenofp) for __I$use$fp
    _printf_fp_dec.o(.text) refers (Special) to lc_numeric_c.o(locale$$code) for _get_lc_numeric
    _printf_fp_dec.o(.text) refers to bigflt0.o(.text) for _btod_etento
    _printf_fp_dec.o(.text) refers to btod.o(CL$$btod_d2e) for _btod_d2e
    _printf_fp_dec.o(.text) refers to btod.o(CL$$btod_ediv) for _btod_ediv
    _printf_fp_dec.o(.text) refers to btod.o(CL$$btod_emul) for _btod_emul
    _printf_fp_dec.o(.text) refers to lludiv10.o(.text) for _ll_udiv10
    _printf_fp_dec.o(.text) refers to fpclassify.o(i.__ARM_fpclassify) for __ARM_fpclassify
    _printf_fp_dec.o(.text) refers to _printf_fp_infnan.o(.text) for _printf_fp_infnan
    _printf_fp_dec.o(.text) refers (Weak) to _printf_pad.o(.text) for _printf_pre_padding
    _printf_fp_dec.o(.text) refers (Weak) to _printf_pad.o(.text) for _printf_pre_padding
    _printf_fp_dec.o(.text) refers to rt_locale_intlibspace.o(.text) for __rt_locale
    _printf_fp_dec.o(.text) refers (Weak) to _printf_pad.o(.text) for _printf_post_padding
    _printf_char.o(.text) refers (Weak) to _printf_str.o(.text) for _printf_str
    _printf_char_file.o(.text) refers to _printf_char_common.o(.text) for _printf_char_common
    _printf_char_file.o(.text) refers to ferror.o(.text) for ferror
    _printf_char_file.o(.text) refers to usart.o(.text) for fputc
    rt_memmove_w.o(.text) refers to rt_memcpy_w.o(.text) for __aeabi_memcpy4
    rt_memclr.o(.text) refers to rt_memclr_w.o(.text) for _memset_w
    libinit2.o(.ARM.Collect$$libinit$$00000001) refers to fpinit.o(x$fpl$fpinit) for _fp_init
    libinit2.o(.ARM.Collect$$libinit$$0000000D) refers (Weak) to rand.o(.text) for _rand_init
    libinit2.o(.ARM.Collect$$libinit$$0000000F) refers (Weak) to rt_locale_intlibspace.o(.text) for __rt_locale
    libinit2.o(.ARM.Collect$$libinit$$00000010) refers to libinit2.o(.ARM.Collect$$libinit$$0000000F) for .ARM.Collect$$libinit$$0000000F
    libinit2.o(.ARM.Collect$$libinit$$00000012) refers to libinit2.o(.ARM.Collect$$libinit$$0000000F) for .ARM.Collect$$libinit$$0000000F
    libinit2.o(.ARM.Collect$$libinit$$00000014) refers to libinit2.o(.ARM.Collect$$libinit$$0000000F) for .ARM.Collect$$libinit$$0000000F
    libinit2.o(.ARM.Collect$$libinit$$00000016) refers to libinit2.o(.ARM.Collect$$libinit$$0000000F) for .ARM.Collect$$libinit$$0000000F
    libinit2.o(.ARM.Collect$$libinit$$00000016) refers (Weak) to lc_numeric_c.o(locale$$code) for _get_lc_numeric
    libinit2.o(.ARM.Collect$$libinit$$00000018) refers to libinit2.o(.ARM.Collect$$libinit$$0000000F) for .ARM.Collect$$libinit$$0000000F
    libinit2.o(.ARM.Collect$$libinit$$00000026) refers to argv_veneer.o(.emb_text) for __ARM_argv_veneer
    libinit2.o(.ARM.Collect$$libinit$$00000027) refers to argv_veneer.o(.emb_text) for __ARM_argv_veneer
    basic.o(x$fpl$basic) refers (Special) to usenofp.o(x$fpl$usenofp) for __I$use$fp
    dcmpi.o(x$fpl$dcmpinf) refers (Special) to usenofp.o(x$fpl$usenofp) for __I$use$fp
    dnaninf.o(x$fpl$dnaninf) refers (Special) to usenofp.o(x$fpl$usenofp) for __I$use$fp
    dretinf.o(x$fpl$dretinf) refers (Special) to usenofp.o(x$fpl$usenofp) for __I$use$fp
    dsqrt_umaal.o(x$fpl$dsqrt) refers (Special) to usenofp.o(x$fpl$usenofp) for __I$use$fp
    dsqrt_umaal.o(x$fpl$dsqrt) refers to dnaninf.o(x$fpl$dnaninf) for __fpl_dnaninf
    fnaninf.o(x$fpl$fnaninf) refers (Special) to usenofp.o(x$fpl$usenofp) for __I$use$fp
    fretinf.o(x$fpl$fretinf) refers (Special) to usenofp.o(x$fpl$usenofp) for __I$use$fp
    cos_i.o(i.__kernel_cos) refers (Special) to usenofp.o(x$fpl$usenofp) for __I$use$fp
    cos_i.o(i.__kernel_cos) refers to dfix.o(x$fpl$dfix) for __aeabi_d2iz
    cos_i.o(i.__kernel_cos) refers to dmul.o(x$fpl$dmul) for __aeabi_dmul
    cos_i.o(i.__kernel_cos) refers to poly.o(i.__kernel_poly) for __kernel_poly
    cos_i.o(i.__kernel_cos) refers to daddsub_clz.o(x$fpl$dsub) for __aeabi_dsub
    cos_i.o(i.__kernel_cos) refers to daddsub_clz.o(x$fpl$drsb) for __aeabi_drsub
    cos_i.o(i.__kernel_cos) refers to cos_i.o(.constdata) for .constdata
    cos_i.o(.constdata) refers (Special) to usenofp.o(x$fpl$usenofp) for __I$use$fp
    dunder.o(i.__mathlib_dbl_divzero) refers to ddiv.o(x$fpl$ddiv) for __aeabi_ddiv
    dunder.o(i.__mathlib_dbl_infnan) refers to daddsub_clz.o(x$fpl$dadd) for __aeabi_dadd
    dunder.o(i.__mathlib_dbl_infnan2) refers to daddsub_clz.o(x$fpl$dadd) for __aeabi_dadd
    dunder.o(i.__mathlib_dbl_invalid) refers to ddiv.o(x$fpl$ddiv) for __aeabi_ddiv
    dunder.o(i.__mathlib_dbl_overflow) refers to dmul.o(x$fpl$dmul) for __aeabi_dmul
    dunder.o(i.__mathlib_dbl_posinfnan) refers to dmul.o(x$fpl$dmul) for __aeabi_dmul
    dunder.o(i.__mathlib_dbl_underflow) refers to dmul.o(x$fpl$dmul) for __aeabi_dmul
    poly.o(i.__kernel_poly) refers (Special) to usenofp.o(x$fpl$usenofp) for __I$use$fp
    poly.o(i.__kernel_poly) refers to dmul.o(x$fpl$dmul) for __aeabi_dmul
    poly.o(i.__kernel_poly) refers to daddsub_clz.o(x$fpl$dadd) for __aeabi_dadd
    rred.o(i.__ieee754_rem_pio2) refers (Special) to usenofp.o(x$fpl$usenofp) for __I$use$fp
    rred.o(i.__ieee754_rem_pio2) refers to daddsub_clz.o(x$fpl$dsub) for __aeabi_dsub
    rred.o(i.__ieee754_rem_pio2) refers to daddsub_clz.o(x$fpl$dadd) for __aeabi_dadd
    rred.o(i.__ieee754_rem_pio2) refers to fabs.o(i.fabs) for fabs
    rred.o(i.__ieee754_rem_pio2) refers to dmul.o(x$fpl$dmul) for __aeabi_dmul
    rred.o(i.__ieee754_rem_pio2) refers to dfix.o(x$fpl$dfix) for __aeabi_d2iz
    rred.o(i.__ieee754_rem_pio2) refers to dflt_clz.o(x$fpl$dflt) for __aeabi_i2d
    rred.o(i.__ieee754_rem_pio2) refers to daddsub_clz.o(x$fpl$drsb) for __aeabi_drsub
    rred.o(i.__ieee754_rem_pio2) refers to basic.o(x$fpl$basic) for __aeabi_dneg
    rred.o(i.__ieee754_rem_pio2) refers to dflt_clz.o(x$fpl$dfltu) for __aeabi_ui2d
    rred.o(i.__ieee754_rem_pio2) refers to rred.o(.constdata) for .constdata
    rred.o(i.__use_accurate_range_reduction) refers (Special) to usenofp.o(x$fpl$usenofp) for __I$use$fp
    rred.o(.constdata) refers (Special) to usenofp.o(x$fpl$usenofp) for __I$use$fp
    sin_i.o(i.__kernel_sin) refers (Special) to usenofp.o(x$fpl$usenofp) for __I$use$fp
    sin_i.o(i.__kernel_sin) refers to fpclassify.o(i.__ARM_fpclassify) for __ARM_fpclassify
    sin_i.o(i.__kernel_sin) refers to dunder.o(i.__mathlib_dbl_underflow) for __mathlib_dbl_underflow
    sin_i.o(i.__kernel_sin) refers to dmul.o(x$fpl$dmul) for __aeabi_dmul
    sin_i.o(i.__kernel_sin) refers to poly.o(i.__kernel_poly) for __kernel_poly
    sin_i.o(i.__kernel_sin) refers to daddsub_clz.o(x$fpl$dsub) for __aeabi_dsub
    sin_i.o(i.__kernel_sin) refers to daddsub_clz.o(x$fpl$drsb) for __aeabi_drsub
    sin_i.o(i.__kernel_sin) refers to daddsub_clz.o(x$fpl$dadd) for __aeabi_dadd
    sin_i.o(i.__kernel_sin) refers to sin_i.o(.constdata) for .constdata
    sin_i.o(.constdata) refers (Special) to usenofp.o(x$fpl$usenofp) for __I$use$fp
    sin_i_x.o(i.____kernel_sin$lsc) refers (Special) to usenofp.o(x$fpl$usenofp) for __I$use$fp
    sin_i_x.o(i.____kernel_sin$lsc) refers to dmul.o(x$fpl$dmul) for __aeabi_dmul
    sin_i_x.o(i.____kernel_sin$lsc) refers to poly.o(i.__kernel_poly) for __kernel_poly
    sin_i_x.o(i.____kernel_sin$lsc) refers to daddsub_clz.o(x$fpl$dsub) for __aeabi_dsub
    sin_i_x.o(i.____kernel_sin$lsc) refers to daddsub_clz.o(x$fpl$drsb) for __aeabi_drsub
    sin_i_x.o(i.____kernel_sin$lsc) refers to daddsub_clz.o(x$fpl$dadd) for __aeabi_dadd
    sin_i_x.o(i.____kernel_sin$lsc) refers to sin_i_x.o(.constdata) for .constdata
    sin_i_x.o(.constdata) refers (Special) to usenofp.o(x$fpl$usenofp) for __I$use$fp
    __rtentry2.o(.ARM.Collect$$rtentry$$00000008) refers to boardinit2.o(.text) for _platform_post_stackheap_init
    __rtentry2.o(.ARM.Collect$$rtentry$$0000000A) refers to libinit.o(.ARM.Collect$$libinit$$00000000) for __rt_lib_init
    __rtentry2.o(.ARM.Collect$$rtentry$$0000000B) refers to boardinit3.o(.text) for _platform_post_lib_init
    __rtentry2.o(.ARM.Collect$$rtentry$$0000000D) refers to main.o(.text) for main
    __rtentry2.o(.ARM.Collect$$rtentry$$0000000D) refers to spitest.o(.text) for main
    __rtentry2.o(.ARM.Collect$$rtentry$$0000000D) refers to exit.o(.text) for exit
    __rtentry2.o(.ARM.exidx) refers to __rtentry2.o(.ARM.Collect$$rtentry$$00000001) for .ARM.Collect$$rtentry$$00000001
    __rtentry2.o(.ARM.exidx) refers to __rtentry2.o(.ARM.Collect$$rtentry$$00000008) for .ARM.Collect$$rtentry$$00000008
    __rtentry2.o(.ARM.exidx) refers to __rtentry2.o(.ARM.Collect$$rtentry$$0000000A) for .ARM.Collect$$rtentry$$0000000A
    __rtentry2.o(.ARM.exidx) refers to __rtentry2.o(.ARM.Collect$$rtentry$$0000000B) for .ARM.Collect$$rtentry$$0000000B
    __rtentry2.o(.ARM.exidx) refers to __rtentry2.o(.ARM.Collect$$rtentry$$0000000D) for .ARM.Collect$$rtentry$$0000000D
    __rtentry4.o(.ARM.Collect$$rtentry$$00000004) refers to sys_stackheap_outer.o(.text) for __user_setup_stackheap
    __rtentry4.o(.ARM.exidx) refers to __rtentry4.o(.ARM.Collect$$rtentry$$00000004) for .ARM.Collect$$rtentry$$00000004
    rt_div0.o(.text) refers to defsig_fpe_outer.o(.text) for __rt_SIGFPE
    rt_locale.o(.text) refers to rt_locale.o(.bss) for __rt_locale_data
    rt_locale_intlibspace.o(.text) refers to libspace.o(.bss) for __libspace_start
    rt_errno_addr.o(.text) refers to rt_errno_addr.o(.bss) for __aeabi_errno_addr_data
    rt_errno_addr_intlibspace.o(.text) refers to libspace.o(.bss) for __libspace_start
    _printf_char_common.o(.text) refers to __printf_flags_ss_wp.o(.text) for __printf
    _printf_fp_infnan.o(.text) refers (Weak) to _printf_pad.o(.text) for _printf_pre_padding
    _printf_fp_infnan.o(.text) refers (Weak) to _printf_pad.o(.text) for _printf_post_padding
    bigflt0.o(.text) refers (Special) to usenofp.o(x$fpl$usenofp) for __I$use$fp
    bigflt0.o(.text) refers to btod.o(CL$$btod_emul) for _btod_emul
    bigflt0.o(.text) refers to btod.o(CL$$btod_ediv) for _btod_ediv
    bigflt0.o(.text) refers to bigflt0.o(.constdata) for .constdata
    bigflt0.o(.constdata) refers (Special) to usenofp.o(x$fpl$usenofp) for __I$use$fp
    btod.o(CL$$btod_d2e) refers (Special) to usenofp.o(x$fpl$usenofp) for __I$use$fp
    btod.o(CL$$btod_d2e) refers to btod.o(CL$$btod_d2e_norm_op1) for _d2e_norm_op1
    btod.o(CL$$btod_d2e_norm_op1) refers (Special) to usenofp.o(x$fpl$usenofp) for __I$use$fp
    btod.o(CL$$btod_d2e_norm_op1) refers to btod.o(CL$$btod_d2e_denorm_low) for _d2e_denorm_low
    btod.o(CL$$btod_d2e_denorm_low) refers (Special) to usenofp.o(x$fpl$usenofp) for __I$use$fp
    btod.o(CL$$btod_emul) refers (Special) to usenofp.o(x$fpl$usenofp) for __I$use$fp
    btod.o(CL$$btod_emul) refers to btod.o(CL$$btod_mult_common) for __btod_mult_common
    btod.o(CL$$btod_emul) refers to btod.o(CL$$btod_e2e) for _e2e
    btod.o(CL$$btod_ediv) refers (Special) to usenofp.o(x$fpl$usenofp) for __I$use$fp
    btod.o(CL$$btod_ediv) refers to btod.o(CL$$btod_div_common) for __btod_div_common
    btod.o(CL$$btod_ediv) refers to btod.o(CL$$btod_e2e) for _e2e
    btod.o(CL$$btod_emuld) refers (Special) to usenofp.o(x$fpl$usenofp) for __I$use$fp
    btod.o(CL$$btod_emuld) refers to btod.o(CL$$btod_mult_common) for __btod_mult_common
    btod.o(CL$$btod_emuld) refers to btod.o(CL$$btod_e2d) for _e2d
    btod.o(CL$$btod_edivd) refers (Special) to usenofp.o(x$fpl$usenofp) for __I$use$fp
    btod.o(CL$$btod_edivd) refers to btod.o(CL$$btod_div_common) for __btod_div_common
    btod.o(CL$$btod_edivd) refers to btod.o(CL$$btod_e2d) for _e2d
    btod.o(CL$$btod_e2e) refers (Special) to usenofp.o(x$fpl$usenofp) for __I$use$fp
    btod.o(CL$$btod_e2d) refers (Special) to usenofp.o(x$fpl$usenofp) for __I$use$fp
    btod.o(CL$$btod_e2d) refers to btod.o(CL$$btod_e2e) for _e2e
    btod.o(CL$$btod_mult_common) refers (Special) to usenofp.o(x$fpl$usenofp) for __I$use$fp
    btod.o(CL$$btod_div_common) refers (Special) to usenofp.o(x$fpl$usenofp) for __I$use$fp
    lc_numeric_c.o(locale$$data) refers (Special) to libinit2.o(.ARM.Collect$$libinit$$00000016) for __rt_lib_init_lc_numeric_2
    lc_numeric_c.o(locale$$code) refers (Special) to libinit2.o(.ARM.Collect$$libinit$$00000016) for __rt_lib_init_lc_numeric_2
    lc_numeric_c.o(locale$$code) refers to strcmpv7m.o(.text) for strcmp
    lc_numeric_c.o(locale$$code) refers to lc_numeric_c.o(locale$$data) for __lcnum_c_name
    argv_veneer.o(.emb_text) refers to no_argv.o(.text) for __ARM_get_argv
    istatus.o(x$fpl$ieeestatus) refers (Special) to usenofp.o(x$fpl$usenofp) for __I$use$fp
    fabs.o(i.__hardfp_fabs) refers (Special) to usenofp.o(x$fpl$usenofp) for __I$use$fp
    fabs.o(i.__softfp_fabs) refers (Special) to usenofp.o(x$fpl$usenofp) for __I$use$fp
    fabs.o(i.fabs) refers (Special) to usenofp.o(x$fpl$usenofp) for __I$use$fp
    fpclassify.o(i.__ARM_fpclassify) refers (Special) to usenofp.o(x$fpl$usenofp) for __I$use$fp
    libspace.o(.text) refers to libspace.o(.bss) for __libspace_start
    sys_stackheap_outer.o(.text) refers to libspace.o(.text) for __user_perproc_libspace
    sys_stackheap_outer.o(.text) refers to startup_stm32f40_41xxx.o(.text) for __user_initial_stackheap
    exit.o(.text) refers to rtexit.o(.ARM.Collect$$rtexit$$00000000) for __rt_exit
    defsig_fpe_outer.o(.text) refers to defsig_fpe_inner.o(.text) for __rt_SIGFPE_inner
    defsig_fpe_outer.o(.text) refers to defsig_exit.o(.text) for __sig_exit
    defsig_fpe_formal.o(.text) refers to rt_raise.o(.text) for __rt_raise
    _get_argv_nomalloc.o(.text) refers (Special) to hrguard.o(.text) for __heap_region$guard
    _get_argv_nomalloc.o(.text) refers to defsig_rtmem_outer.o(.text) for __rt_SIGRTMEM
    _get_argv_nomalloc.o(.text) refers to sys_command.o(.text) for _sys_command_string
    libinit.o(.ARM.Collect$$libinit$$00000000) refers (Special) to libinit2.o(.ARM.Collect$$libinit$$0000002E) for __rt_lib_init_alloca_1
    libinit.o(.ARM.Collect$$libinit$$00000000) refers (Special) to libinit2.o(.ARM.Collect$$libinit$$0000002C) for __rt_lib_init_argv_1
    libinit.o(.ARM.Collect$$libinit$$00000000) refers (Special) to libinit2.o(.ARM.Collect$$libinit$$0000001B) for __rt_lib_init_atexit_1
    libinit.o(.ARM.Collect$$libinit$$00000000) refers (Special) to libinit2.o(.ARM.Collect$$libinit$$00000021) for __rt_lib_init_clock_1
    libinit.o(.ARM.Collect$$libinit$$00000000) refers (Special) to libinit2.o(.ARM.Collect$$libinit$$00000032) for __rt_lib_init_cpp_1
    libinit.o(.ARM.Collect$$libinit$$00000000) refers (Special) to libinit2.o(.ARM.Collect$$libinit$$00000030) for __rt_lib_init_exceptions_1
    libinit.o(.ARM.Collect$$libinit$$00000000) refers (Special) to libinit2.o(.ARM.Collect$$libinit$$00000001) for __rt_lib_init_fp_1
    libinit.o(.ARM.Collect$$libinit$$00000000) refers (Special) to libinit2.o(.ARM.Collect$$libinit$$0000001F) for __rt_lib_init_fp_trap_1
    libinit.o(.ARM.Collect$$libinit$$00000000) refers (Special) to libinit2.o(.ARM.Collect$$libinit$$00000023) for __rt_lib_init_getenv_1
    libinit.o(.ARM.Collect$$libinit$$00000000) refers (Special) to libinit2.o(.ARM.Collect$$libinit$$0000000A) for __rt_lib_init_heap_1
    libinit.o(.ARM.Collect$$libinit$$00000000) refers (Special) to libinit2.o(.ARM.Collect$$libinit$$00000011) for __rt_lib_init_lc_collate_1
    libinit.o(.ARM.Collect$$libinit$$00000000) refers (Special) to libinit2.o(.ARM.Collect$$libinit$$00000013) for __rt_lib_init_lc_ctype_1
    libinit.o(.ARM.Collect$$libinit$$00000000) refers (Special) to libinit2.o(.ARM.Collect$$libinit$$00000015) for __rt_lib_init_lc_monetary_1
    libinit.o(.ARM.Collect$$libinit$$00000000) refers (Special) to libinit2.o(.ARM.Collect$$libinit$$00000017) for __rt_lib_init_lc_numeric_1
    libinit.o(.ARM.Collect$$libinit$$00000000) refers (Special) to libinit2.o(.ARM.Collect$$libinit$$00000019) for __rt_lib_init_lc_time_1
    libinit.o(.ARM.Collect$$libinit$$00000000) refers (Special) to libinit2.o(.ARM.Collect$$libinit$$00000004) for __rt_lib_init_preinit_1
    libinit.o(.ARM.Collect$$libinit$$00000000) refers (Special) to libinit2.o(.ARM.Collect$$libinit$$0000000E) for __rt_lib_init_rand_1
    libinit.o(.ARM.Collect$$libinit$$00000000) refers (Special) to libinit2.o(.ARM.Collect$$libinit$$00000033) for __rt_lib_init_return
    libinit.o(.ARM.Collect$$libinit$$00000000) refers (Special) to libinit2.o(.ARM.Collect$$libinit$$0000001D) for __rt_lib_init_signal_1
    libinit.o(.ARM.Collect$$libinit$$00000000) refers (Special) to libinit2.o(.ARM.Collect$$libinit$$00000025) for __rt_lib_init_stdio_1
    libinit.o(.ARM.Collect$$libinit$$00000000) refers (Special) to libinit2.o(.ARM.Collect$$libinit$$0000000C) for __rt_lib_init_user_alloc_1
    sys_command.o(.text) refers (Special) to use_no_semi.o(.text) for __I$use$semihosting
    sys_command.o(.text) refers (Special) to indicate_semi.o(.text) for __semihosting_library_function
    rtexit.o(.ARM.Collect$$rtexit$$00000000) refers (Special) to rtexit2.o(.ARM.Collect$$rtexit$$00000004) for __rt_exit_exit
    rtexit.o(.ARM.Collect$$rtexit$$00000000) refers (Special) to rtexit2.o(.ARM.Collect$$rtexit$$00000003) for __rt_exit_ls
    rtexit.o(.ARM.Collect$$rtexit$$00000000) refers (Special) to rtexit2.o(.ARM.Collect$$rtexit$$00000002) for __rt_exit_prels_1
    rtexit.o(.ARM.exidx) refers (Special) to rtexit2.o(.ARM.Collect$$rtexit$$00000004) for __rt_exit_exit
    rtexit.o(.ARM.exidx) refers (Special) to rtexit2.o(.ARM.Collect$$rtexit$$00000003) for __rt_exit_ls
    rtexit.o(.ARM.exidx) refers (Special) to rtexit2.o(.ARM.Collect$$rtexit$$00000002) for __rt_exit_prels_1
    rtexit.o(.ARM.exidx) refers to rtexit.o(.ARM.Collect$$rtexit$$00000000) for .ARM.Collect$$rtexit$$00000000
    rt_raise.o(.text) refers to __raise.o(.text) for __raise
    rt_raise.o(.text) refers to usart.o(.text) for _sys_exit
    defsig_exit.o(.text) refers to usart.o(.text) for _sys_exit
    defsig_fpe_inner.o(.text) refers to defsig_general.o(.text) for __default_signal_display
    defsig_rtmem_outer.o(.text) refers to defsig_rtmem_inner.o(.text) for __rt_SIGRTMEM_inner
    defsig_rtmem_outer.o(.text) refers to defsig_exit.o(.text) for __sig_exit
    defsig_rtmem_formal.o(.text) refers to rt_raise.o(.text) for __rt_raise
    rtexit2.o(.ARM.Collect$$rtexit$$00000003) refers to libshutdown.o(.ARM.Collect$$libshutdown$$00000000) for __rt_lib_shutdown
    rtexit2.o(.ARM.Collect$$rtexit$$00000004) refers to usart.o(.text) for _sys_exit
    rtexit2.o(.ARM.exidx) refers to rtexit2.o(.ARM.Collect$$rtexit$$00000001) for .ARM.Collect$$rtexit$$00000001
    rtexit2.o(.ARM.exidx) refers to rtexit2.o(.ARM.Collect$$rtexit$$00000003) for .ARM.Collect$$rtexit$$00000003
    rtexit2.o(.ARM.exidx) refers to rtexit2.o(.ARM.Collect$$rtexit$$00000004) for .ARM.Collect$$rtexit$$00000004
    __raise.o(.text) refers to defsig.o(CL$$defsig) for __default_signal_handler
    defsig_general.o(.text) refers to sys_wrch.o(.text) for _ttywrch
    defsig_rtmem_inner.o(.text) refers to defsig_general.o(.text) for __default_signal_display
    sys_wrch.o(.text) refers (Special) to use_no_semi.o(.text) for __I$use$semihosting
    sys_wrch.o(.text) refers (Special) to indicate_semi.o(.text) for __semihosting_library_function
    defsig.o(CL$$defsig) refers to defsig_fpe_inner.o(.text) for __rt_SIGFPE_inner
    defsig.o(CL$$defsig) refers to defsig_rtmem_inner.o(.text) for __rt_SIGRTMEM_inner
    libshutdown.o(.ARM.Collect$$libshutdown$$00000000) refers (Special) to libshutdown2.o(.ARM.Collect$$libshutdown$$00000006) for __rt_lib_shutdown_fp_trap_1
    libshutdown.o(.ARM.Collect$$libshutdown$$00000000) refers (Special) to libshutdown2.o(.ARM.Collect$$libshutdown$$0000000E) for __rt_lib_shutdown_heap_1
    libshutdown.o(.ARM.Collect$$libshutdown$$00000000) refers (Special) to libshutdown2.o(.ARM.Collect$$libshutdown$$0000000F) for __rt_lib_shutdown_return
    libshutdown.o(.ARM.Collect$$libshutdown$$00000000) refers (Special) to libshutdown2.o(.ARM.Collect$$libshutdown$$00000009) for __rt_lib_shutdown_signal_1
    libshutdown.o(.ARM.Collect$$libshutdown$$00000000) refers (Special) to libshutdown2.o(.ARM.Collect$$libshutdown$$00000003) for __rt_lib_shutdown_stdio_1
    libshutdown.o(.ARM.Collect$$libshutdown$$00000000) refers (Special) to libshutdown2.o(.ARM.Collect$$libshutdown$$0000000B) for __rt_lib_shutdown_user_alloc_1
    defsig_abrt_inner.o(.text) refers to defsig_general.o(.text) for __default_signal_display
    defsig_rtred_inner.o(.text) refers to defsig_general.o(.text) for __default_signal_display
    defsig_stak_inner.o(.text) refers to defsig_general.o(.text) for __default_signal_display
    defsig_pvfn_inner.o(.text) refers to defsig_general.o(.text) for __default_signal_display
    defsig_cppl_inner.o(.text) refers to defsig_general.o(.text) for __default_signal_display
    defsig_segv_inner.o(.text) refers to defsig_general.o(.text) for __default_signal_display
    defsig_other.o(.text) refers to defsig_general.o(.text) for __default_signal_display

